[VERBATIM] FAILURE SCREENSHOT: ground impact (physics_process)
[VERBATIM] Ground impact – fatal
[DIAG] _poll_controls: ENTER, state=5
[VERBATIM] POLL: _poll_controls() entered, game_state=5
[DIAG] _poll_controls: EXIT (LANDED/GAME_OVER)
[DEBUG] _input (build_terrain) called, event=InputEventMouseMotion: button_mask=0, position=((719.0, 25.0)), relative=((-3.0, -6.0)), velocity=((175.5242, -789.8587)), pressure=0.00, tilt=((0.0, 0.0)), pen_inverted=(false)
[AUDIT] _input: ENTER
[AUDIT] _gui_input: ENTER
[DIAG] _physics_process: ENTER, state=5
[DIAG] _physics_process: camera target set to character (state: 5)
[VERBATIM] FAILURE SCREENSHOT: ground impact (physics_process)
[VERBATIM] Ground impact – fatal
[DIAG] _physics_process: ENTER, state=5
[DIAG] _physics_process: camera target set to character (state: 5)
[VERBATIM] FAILURE SCREENSHOT: ground impact (physics_process)
[VERBATIM] Ground impact – fatal
[DIAG] _poll_controls: ENTER, state=5
[VERBATIM] POLL: _poll_controls() entered, game_state=5
[DIAG] _poll_controls: EXIT (LANDED/GAME_OVER)
[DEBUG] _input (build_terrain) called, event=InputEventMouseMotion: button_mask=0, position=((704.0, 8.0)), relative=((-15.0, -17.0)), velocity=((175.5242, -789.8587)), pressure=0.00, tilt=((0.0, 0.0)), pen_inverted=(false)
[AUDIT] _input: ENTER
[AUDIT] _gui_input: ENTER
[DIAG] _physics_process: ENTER, state=5
[DIAG] _physics_process: camera target set to character (state: 5)
[VERBATIM] FAILURE SCREENSHOT: ground impact (physics_process)
[VERBATIM] Ground impact – fatal
[DIAG] _physics_process: ENTER, state=5
[DIAG] _physics_process: camera target set to character (state: 5)
[VERBATIM] FAILURE SCREENSHOT: ground impact (physics_process)
[VERBATIM] Ground impact – fatal
[DIAG] _poll_controls: ENTER, state=5
[VERBATIM] POLL: _poll_controls() entered, game_state=5
[DIAG] _poll_controls: EXIT (LANDED/GAME_OVER)
[DEBUG] _input (build_terrain) called, event=InputEventMouseMotion: button_mask=0, position=((699.0, 3.0)), relative=((-5.0, -5.0)), velocity=((175.5242, -789.8587)), pressure=0.00, tilt=((0.0, 0.0)), pen_inverted=(false)
[AUDIT] _input: ENTER
[AUDIT] _gui_input: ENTER
[DIAG] _physics_process: ENTER, state=5
[DIAG] _physics_process: camera target set to character (state: 5)
[VERBATIM] FAILURE SCREENSHOT: ground impact (physics_process)
[VERBATIM] Ground impact – fatal
[DIAG] _physics_process: ENTER, state=5
[DIAG] _physics_process: camera target set to character (state: 5)
[VERBATIM] FAILURE SCREENSHOT: ground impact (physics_process)
[VERBATIM] Ground impact – fatal
[DIAG] _poll_controls: ENTER, state=5
[VERBATIM] POLL: _poll_controls() entered, game_state=5
[DIAG] _poll_controls: EXIT (LANDED/GAME_OVER)
[DIAG] _physics_process: ENTER, state=5
[DIAG] _physics_process: camera target set to character (state: 5)
[VERBATIM] FAILURE SCREENSHOT: ground impact (physics_process)
[VERBATIM] Ground impact – fatal
[DIAG] _physics_process: ENTER, state=5
[DIAG] _physics_process: camera target set to character (state: 5)
[VERBATIM] FAILURE SCREENSHOT: ground impact (physics_process)
[VERBATIM] Ground impact – fatal
[DIAG] _poll_controls: ENTER, state=5
[VERBATIM] POLL: _poll_controls() entered, game_state=5
[DIAG] _poll_controls: EXIT (LANDED/GAME_OVER)
[DIAG] _physics_process: ENTER, state=5
[DIAG] _physics_process: camera target set to character (state: 5)
[VERBATIM] FAILURE SCREENSHOT: ground impact (physics_process)
[VERBATIM] Ground impact – fatal
[DIAG] _physics_process: ENTER, state=5
[DIAG] _physics_process: camera target set to character (state: 5)
[VERBATIM] FAILURE SCREENSHOT: ground impact (physics_process)
[VERBATIM] Ground impact – fatal
[DIAG] _poll_controls: ENTER, state=5
[VERBATIM] POLL: _poll_controls() entered, game_state=5
[DIAG] _poll_controls: EXIT (LANDED/GAME_OVER)
[DIAG] _physics_process: ENTER, state=5
[DIAG] _physics_process: camera target set to character (state: 5)
[VERBATIM] FAILURE SCREENSHOT: ground impact (physics_process)
[VERBATIM] Ground impact – fatal
[DIAG] _physics_process: ENTER, state=5
[DIAG] _physics_process: camera target set to character (state: 5)
[VERBATIM] FAILURE SCREENSHOT: ground impact (physics_process)
[VERBATIM] Ground impact – fatal
[DIAG] _poll_controls: ENTER, state=5
[VERBATIM] POLL: _poll_controls() entered, game_state=5
[DIAG] _poll_controls: EXIT (LANDED/GAME_OVER)
[DIAG] _physics_process: ENTER, state=5
[DIAG] _physics_process: camera target set to character (state: 5)
[VERBATIM] FAILURE SCREENSHOT: ground impact (physics_process)
[VERBATIM] Ground impact – fatal
[DIAG] _physics_process: ENTER, state=5
[DIAG] _physics_process: camera target set to character (state: 5)
[VERBATIM] FAILURE SCREENSHOT: ground impact (physics_process)
[VERBATIM] Ground impact – fatal
[DIAG] _poll_controls: ENTER, state=5
[VERBATIM] POLL: _poll_controls() entered, game_state=5
[DIAG] _poll_controls: EXIT (LANDED/GAME_OVER)
[DIAG] _physics_process: ENTER, state=5
[DIAG] _physics_process: camera target set to character (state: 5)
[VERBATIM] FAILURE SCREENSHOT: ground impact (physics_process)
[VERBATIM] Ground impact – fatal
[DIAG] _physics_process: ENTER, state=5
[DIAG] _physics_process: camera target set to character (state: 5)
[VERBATIM] FAILURE SCREENSHOT: ground impact (physics_process)
[VERBATIM] Ground impact – fatal
[DIAG] _poll_controls: ENTER, state=5
[VERBATIM] POLL: _poll_controls() entered, game_state=5
[DIAG] _poll_controls: EXIT (LANDED/GAME_OVER)
[DIAG] _physics_process: ENTER, state=5
[DIAG] _physics_process: camera target set to character (state: 5)
[VERBATIM] FAILURE SCREENSHOT: ground impact (physics_process)
[VERBATIM] Ground impact – fatal
[DIAG] _physics_process: ENTER, state=5
[DIAG] _physics_process: camera target set to character (state: 5)
[VERBATIM] FAILURE SCREENSHOT: ground impact (physics_process)
[VERBATIM] Ground impact – fatal
[DIAG] _poll_controls: ENTER, state=5
[VERBATIM] POLL: _poll_controls() entered, game_state=5
[DIAG] _poll_controls: EXIT (LANDED/GAME_OVER)
[VERBATIM] Wind updated: 12.5 kts @ 240.0°
[DIAG] _physics_process: ENTER, state=5
[DIAG] _physics_process: camera target set to character (state: 5)
[VERBATIM] FAILURE SCREENSHOT: ground impact (physics_process)
[VERBATIM] Ground impact – fatal
[DIAG] _physics_process: ENTER, state=5
[DIAG] _physics_process: camera target set to character (state: 5)
[VERBATIM] FAILURE SCREENSHOT: ground impact (physics_process)
[VERBATIM] Ground impact – fatal
[DIAG] _poll_controls: ENTER, state=5
[VERBATIM] POLL: _poll_controls() entered, game_state=5
[DIAG] _poll_controls: EXIT (LANDED/GAME_OVER)
[DIAG] _physics_process: ENTER, state=5
[DIAG] _physics_process: camera target set to character (state: 5)
[VERBATIM] FAILURE SCREENSHOT: ground impact (physics_process)
[VERBATIM] Ground impact – fatal
[DIAG] _physics_process: ENTER, state=5
[DIAG] _physics_process: camera target set to character (state: 5)
[VERBATIM] FAILURE SCREENSHOT: ground impact (physics_process)
[VERBATIM] Ground impact – fatal
[DIAG] _poll_controls: ENTER, state=5
[VERBATIM] POLL: _poll_controls() entered, game_state=5
[DIAG] _poll_controls: EXIT (LANDED/GAME_OVER)
[DIAG] _physics_process: ENTER, state=5
[DIAG] _physics_process: camera target set to character (state: 5)
[VERBATIM] FAILURE SCREENSHOT: ground impact (physics_process)
[VERBATIM] Ground impact – fatal
[DIAG] _physics_process: ENTER, state=5
[DIAG] _physics_process: camera target set to character (state: 5)
[VERBATIM] FAILURE SCREENSHOT: ground impact (physics_process)
[VERBATIM] Ground impact – fatal
[DIAG] _poll_controls: ENTER, state=5
[VERBATIM] POLL: _poll_controls() entered, game_state=5
[DIAG] _poll_controls: EXIT (LANDED/GAME_OVER)
[DIAG] _physics_process: ENTER, state=5
[DIAG] _physics_process: camera target set to character (state: 5)
[VERBATIM] FAILURE SCREENSHOT: ground impact (physics_process)
[VERBATIM] Ground impact – fatal
[DIAG] _physics_process: ENTER, state=5
[DIAG] _physics_process: camera target set to character (state: 5)
[VERBATIM] FAILURE SCREENSHOT: ground impact (physics_process)
[VERBATIM] Ground impact – fatal
[DIAG] _poll_controls: ENTER, state=5
[VERBATIM] POLL: _poll_controls() entered, game_state=5
[DIAG] _poll_controls: EXIT (LANDED/GAME_OVER)
[DEBUG] _input (build_terrain) called, event=InputEventMouseMotion: button_mask=0, position=((1011.0, 1.0)), relative=((312.0, -2.0)), velocity=((0.0, 0.0)), pressure=0.00, tilt=((0.0, 0.0)), pen_inverted=(false)
[AUDIT] _input: ENTER
[AUDIT] _gui_input: ENTER
[DIAG] _physics_process: ENTER, state=5
[DIAG] _physics_process: camera target set to character (state: 5)
[VERBATIM] FAILURE SCREENSHOT: ground impact (physics_process)
[VERBATIM] Ground impact – fatal
[DIAG] _physics_process: ENTER, state=5
[DIAG] _physics_process: camera target set to character (state: 5)
[VERBATIM] FAILURE SCREENSHOT: ground impact (physics_process)
[VERBATIM] Ground impact – fatal
[DIAG] _poll_controls: ENTER, state=5
[VERBATIM] POLL: _poll_controls() entered, game_state=5
[DIAG] _poll_controls: EXIT (LANDED/GAME_OVER)
[DEBUG] _input (build_terrain) called, event=InputEventMouseMotion: button_mask=0, position=((1055.0, 14.0)), relative=((44.0, 13.0)), velocity=((0.0, 0.0)), pressure=0.00, tilt=((0.0, 0.0)), pen_inverted=(false)
[AUDIT] _input: ENTER
[AUDIT] _gui_input: ENTER
[DIAG] _physics_process: ENTER, state=5
[DIAG] _physics_process: camera target set to character (state: 5)
[VERBATIM] FAILURE SCREENSHOT: ground impact (physics_process)
[VERBATIM] Ground impact – fatal
[DIAG] _physics_process: ENTER, state=5
[DIAG] _physics_process: camera target set to character (state: 5)
[VERBATIM] FAILURE SCREENSHOT: ground impact (physics_process)
[VERBATIM] Ground impact – fatal
[DIAG] _poll_controls: ENTER, state=5
[VERBATIM] POLL: _poll_controls() entered, game_state=5
[DIAG] _poll_controls: EXIT (LANDED/GAME_OVER)
[DEBUG] _input (build_terrain) called, event=InputEventMouseMotion: button_mask=0, position=((1065.0, 18.0)), relative=((10.0, 4.0)), velocity=((0.0, 0.0)), pressure=0.00, tilt=((0.0, 0.0)), pen_inverted=(false)
[AUDIT] _input: ENTER
[AUDIT] _gui_input: ENTER
[DIAG] _physics_process: ENTER, state=5
[DIAG] _physics_process: camera target set to character (state: 5)
[GLIDE],59.2166666666646,0.0,0.0,0.0,0.0,11.0,0.0,67.3593755262628,4.23076923076923,2.6,562.740356445312,327.681854248047,0.0
[VERBATIM] FAILURE SCREENSHOT: ground impact (physics_process)
[VERBATIM] Ground impact – fatal
[DIAG] _physics_process: ENTER, state=5
[DIAG] _physics_process: camera target set to character (state: 5)
[VERBATIM] FAILURE SCREENSHOT: ground impact (physics_process)
[VERBATIM] Ground impact – fatal
[DIAG] _poll_controls: ENTER, state=5
[VERBATIM] POLL: _poll_controls() entered, game_state=5
[DIAG] _poll_controls: EXIT (LANDED/GAME_OVER)
[DEBUG] _input (build_terrain) called, event=InputEventMouseMotion: button_mask=0, position=((1067.0, 21.0)), relative=((2.0, 3.0)), velocity=((0.0, 0.0)), pressure=0.00, tilt=((0.0, 0.0)), pen_inverted=(false)
[AUDIT] _input: ENTER
[AUDIT] _gui_input: ENTER
[DIAG] _physics_process: ENTER, state=5
[DIAG] _physics_process: camera target set to character (state: 5)
[VERBATIM] FAILURE SCREENSHOT: ground impact (physics_process)
[VERBATIM] Ground impact – fatal
[DIAG] _physics_process: ENTER, state=5
[DIAG] _physics_process: camera target set to character (state: 5)
[VERBATIM] FAILURE SCREENSHOT: ground impact (physics_process)
[VERBATIM] Ground impact – fatal
[DIAG] _poll_controls: ENTER, state=5
[VERBATIM] POLL: _poll_controls() entered, game_state=5
[DIAG] _poll_controls: EXIT (LANDED/GAME_OVER)
[DEBUG] _input (build_terrain) called, event=InputEventMouseMotion: button_mask=0, position=((1067.0, 23.0)), relative=((0.0, 2.0)), velocity=((2800.609, 136.9863)), pressure=0.00, tilt=((0.0, 0.0)), pen_inverted=(false)
[AUDIT] _input: ENTER
[AUDIT] _gui_input: ENTER
[DIAG] _physics_process: ENTER, state=5
[DIAG] _physics_process: camera target set to character (state: 5)
[VERBATIM] FAILURE SCREENSHOT: ground impact (physics_process)
[VERBATIM] Ground impact – fatal
[DIAG] _physics_process: ENTER, state=5
[DIAG] _physics_process: camera target set to character (state: 5)
[VERBATIM] FAILURE SCREENSHOT: ground impact (physics_process)
[VERBATIM] Ground impact – fatal
[DIAG] _poll_controls: ENTER, state=5
[VERBATIM] POLL: _poll_controls() entered, game_state=5
[DIAG] _poll_controls: EXIT (LANDED/GAME_OVER)
[DIAG] _physics_process: ENTER, state=5
[DIAG] _physics_process: camera target set to character (state: 5)
[VERBATIM] FAILURE SCREENSHOT: ground impact (physics_process)
[VERBATIM] Ground impact – fatal
[DIAG] _physics_process: ENTER, state=5
[DIAG] _physics_process: camera target set to character (state: 5)
[VERBATIM] FAILURE SCREENSHOT: ground impact (physics_process)
[VERBATIM] Ground impact – fatal
[DIAG] _poll_controls: ENTER, state=5
[VERBATIM] POLL: _poll_controls() entered, game_state=5
[DIAG] _poll_controls: EXIT (LANDED/GAME_OVER)
[DIAG] _physics_process: ENTER, state=5
[DIAG] _physics_process: camera target set to character (state: 5)
[VERBATIM] FAILURE SCREENSHOT: ground impact (physics_process)
[VERBATIM] Ground impact – fatal
[DIAG] _physics_process: ENTER, state=5
[DIAG] _physics_process: camera target set to character (state: 5)
[VERBATIM] FAILURE SCREENSHOT: ground impact (physics_process)
[VERBATIM] Ground impact – fatal
[DIAG] _poll_controls: ENTER, state=5
[VERBATIM] POLL: _poll_controls() entered, game_state=5
[DIAG] _poll_controls: EXIT (LANDED/GAME_OVER)
[DEBUG] _input (build_terrain) called, event=InputEventMouseMotion: button_mask=0, position=((1073.0, 23.0)), relative=((6.0, 0.0)), velocity=((0.0, 19.8458)), pressure=0.00, tilt=((0.0, 0.0)), pen_inverted=(false)
[AUDIT] _input: ENTER
[AUDIT] _gui_input: ENTER
[DIAG] _physics_process: ENTER, state=5
[DIAG] _physics_process: camera target set to character (state: 5)
[VERBATIM] FAILURE SCREENSHOT: ground impact (physics_process)
[VERBATIM] Ground impact – fatal
[DIAG] _physics_process: ENTER, state=5
[DIAG] _physics_process: camera target set to character (state: 5)
[VERBATIM] FAILURE SCREENSHOT: ground impact (physics_process)
[VERBATIM] Ground impact – fatal
[DIAG] _poll_controls: ENTER, state=5
[VERBATIM] POLL: _poll_controls() entered, game_state=5
[DIAG] _poll_controls: EXIT (LANDED/GAME_OVER)
[DEBUG] _input (build_terrain) called, event=InputEventMouseMotion: button_mask=0, position=((1083.0, 16.0)), relative=((10.0, -7.0)), velocity=((0.0, 19.8458)), pressure=0.00, tilt=((0.0, 0.0)), pen_inverted=(false)
[AUDIT] _input: ENTER
[AUDIT] _gui_input: ENTER
[DIAG] _physics_process: ENTER, state=5
[DIAG] _physics_process: camera target set to character (state: 5)
[VERBATIM] FAILURE SCREENSHOT: ground impact (physics_process)
[VERBATIM] Ground impact – fatal
[DIAG] _physics_process: ENTER, state=5
[DIAG] _physics_process: camera target set to character (state: 5)
[VERBATIM] FAILURE SCREENSHOT: ground impact (physics_process)
[VERBATIM] Ground impact – fatal
[DIAG] _poll_controls: ENTER, state=5
[VERBATIM] POLL: _poll_controls() entered, game_state=5
[DIAG] _poll_controls: EXIT (LANDED/GAME_OVER)
[DEBUG] _input (build_terrain) called, event=InputEventMouseMotion: button_mask=0, position=((1089.0, 11.0)), relative=((6.0, -5.0)), velocity=((0.0, 19.8458)), pressure=0.00, tilt=((0.0, 0.0)), pen_inverted=(false)
[AUDIT] _input: ENTER
[AUDIT] _gui_input: ENTER
[DIAG] _physics_process: ENTER, state=5
[DIAG] _physics_process: camera target set to character (state: 5)
[VERBATIM] FAILURE SCREENSHOT: ground impact (physics_process)
[VERBATIM] Ground impact – fatal
[DIAG] _physics_process: ENTER, state=5
[DIAG] _physics_process: camera target set to character (state: 5)
[VERBATIM] FAILURE SCREENSHOT: ground impact (physics_process)
[VERBATIM] Ground impact – fatal
[DIAG] _poll_controls: ENTER, state=5
[VERBATIM] POLL: _poll_controls() entered, game_state=5
[DIAG] _poll_controls: EXIT (LANDED/GAME_OVER)
[DEBUG] _input (build_terrain) called, event=InputEventMouseMotion: button_mask=0, position=((1095.0, 5.0)), relative=((6.0, -6.0)), velocity=((216.3885, -118.0301)), pressure=0.00, tilt=((0.0, 0.0)), pen_inverted=(false)
[AUDIT] _input: ENTER
[AUDIT] _gui_input: ENTER
[DIAG] _physics_process: ENTER, state=5
[DIAG] _physics_process: camera target set to character (state: 5)
[VERBATIM] FAILURE SCREENSHOT: ground impact (physics_process)
[VERBATIM] Ground impact – fatal
[DIAG] _physics_process: ENTER, state=5
[DIAG] _physics_process: camera target set to character (state: 5)
[VERBATIM] FAILURE SCREENSHOT: ground impact (physics_process)
[VERBATIM] Ground impact – fatal
[DIAG] _poll_controls: ENTER, state=5
[VERBATIM] POLL: _poll_controls() entered, game_state=5
[DIAG] _poll_controls: EXIT (LANDED/GAME_OVER)
[DEBUG] _input (build_terrain) called, event=InputEventMouseMotion: button_mask=0, position=((1097.0, 3.0)), relative=((2.0, -2.0)), velocity=((216.3885, -118.0301)), pressure=0.00, tilt=((0.0, 0.0)), pen_inverted=(false)
[AUDIT] _input: ENTER
[AUDIT] _gui_input: ENTER
[DIAG] _physics_process: ENTER, state=5
[DIAG] _physics_process: camera target set to character (state: 5)
[VERBATIM] FAILURE SCREENSHOT: ground impact (physics_process)
[VERBATIM] Ground impact – fatal
[DIAG] _physics_process: ENTER, state=5
[DIAG] _physics_process: camera target set to character (state: 5)
[VERBATIM] FAILURE SCREENSHOT: ground impact (physics_process)
[VERBATIM] Ground impact – fatal
[DIAG] _poll_controls: ENTER, state=5
[VERBATIM] POLL: _poll_controls() entered, game_state=5
[DIAG] _poll_controls: EXIT (LANDED/GAME_OVER)
[DEBUG] _input (build_terrain) called, event=InputEventMouseMotion: button_mask=0, position=((1098.0, 2.0)), relative=((1.0, -1.0)), velocity=((216.3885, -118.0301)), pressure=0.00, tilt=((0.0, 0.0)), pen_inverted=(false)
[AUDIT] _input: ENTER
[AUDIT] _gui_input: ENTER
[DIAG] _physics_process: ENTER, state=5
[DIAG] _physics_process: camera target set to character (state: 5)
[VERBATIM] FAILURE SCREENSHOT: ground impact (physics_process)
[VERBATIM] Ground impact – fatal
[DIAG] _physics_process: ENTER, state=5
[DIAG] _physics_process: camera target set to character (state: 5)
[VERBATIM] FAILURE SCREENSHOT: ground impact (physics_process)
[VERBATIM] Ground impact – fatal
[DIAG] _poll_controls: ENTER, state=5
[VERBATIM] POLL: _poll_controls() entered, game_state=5
[DIAG] _poll_controls: EXIT (LANDED/GAME_OVER)
[DEBUG] _input (build_terrain) called, event=InputEventMouseMotion: button_mask=0, position=((1101.0, 2.0)), relative=((3.0, 0.0)), velocity=((216.3885, -118.0301)), pressure=0.00, tilt=((0.0, 0.0)), pen_inverted=(false)
[AUDIT] _input: ENTER
[AUDIT] _gui_input: ENTER
[DIAG] _physics_process: ENTER, state=5
[DIAG] _physics_process: camera target set to character (state: 5)
[VERBATIM] FAILURE SCREENSHOT: ground impact (physics_process)
[VERBATIM] Ground impact – fatal
[DIAG] _physics_process: ENTER, state=5
[DIAG] _physics_process: camera target set to character (state: 5)
[VERBATIM] FAILURE SCREENSHOT: ground impact (physics_process)
[VERBATIM] Ground impact – fatal
[AUDIT] _poll_fast: ENTER
[DIAG] _poll_controls: ENTER, state=5
[VERBATIM] POLL: _poll_controls() entered, game_state=5
[DIAG] _poll_controls: EXIT (LANDED/GAME_OVER)
[DEBUG] _input (build_terrain) called, event=InputEventMouseMotion: button_mask=0, position=((1109.0, 1.0)), relative=((8.0, -1.0)), velocity=((90.99387, -68.24541)), pressure=0.00, tilt=((0.0, 0.0)), pen_inverted=(false)
[AUDIT] _input: ENTER
[AUDIT] _gui_input: ENTER
[DIAG] _physics_process: ENTER, state=5
[DIAG] _physics_process: camera target set to character (state: 5)
[VERBATIM] FAILURE SCREENSHOT: ground impact (physics_process)
[VERBATIM] Ground impact – fatal
[DIAG] _physics_process: ENTER, state=5
[DIAG] _physics_process: camera target set to character (state: 5)
[VERBATIM] FAILURE SCREENSHOT: ground impact (physics_process)
[VERBATIM] Ground impact – fatal
[DIAG] _poll_controls: ENTER, state=5
[VERBATIM] POLL: _poll_controls() entered, game_state=5
[DIAG] _poll_controls: EXIT (LANDED/GAME_OVER)
[DEBUG] _input (build_terrain) called, event=InputEventMouseMotion: button_mask=0, position=((1124.0, 0.0)), relative=((15.0, -1.0)), velocity=((90.99387, -68.24541)), pressure=0.00, tilt=((0.0, 0.0)), pen_inverted=(false)
[AUDIT] _input: ENTER
[AUDIT] _gui_input: ENTER
[DIAG] _physics_process: ENTER, state=5
[DIAG] _physics_process: camera target set to character (state: 5)
[VERBATIM] FAILURE SCREENSHOT: ground impact (physics_process)
[VERBATIM] Ground impact – fatal
[DIAG] _physics_process: ENTER, state=5
[DIAG] _physics_process: camera target set to character (state: 5)
[VERBATIM] FAILURE SCREENSHOT: ground impact (physics_process)
[VERBATIM] Ground impact – fatal
[DIAG] _poll_controls: ENTER, state=5
[VERBATIM] POLL: _poll_controls() entered, game_state=5
[DIAG] _poll_controls: EXIT (LANDED/GAME_OVER)
[PIPLIVE] eye=(567.3085, 26.7, 329.5877) state=5 deployed=true framing=canopy
[DIAG] _physics_process: ENTER, state=5
[DIAG] _physics_process: camera target set to character (state: 5)
[VERBATIM] FAILURE SCREENSHOT: ground impact (physics_process)
[VERBATIM] Ground impact – fatal
[DIAG] _physics_process: ENTER, state=5
[DIAG] _physics_process: camera target set to character (state: 5)
[VERBATIM] FAILURE SCREENSHOT: ground impact (physics_process)
[VERBATIM] Ground impact – fatal
[DIAG] _poll_controls: ENTER, state=5
[VERBATIM] POLL: _poll_controls() entered, game_state=5
[DIAG] _poll_controls: EXIT (LANDED/GAME_OVER)
[DIAG] _physics_process: ENTER, state=5
[DIAG] _physics_process: camera target set to character (state: 5)
[VERBATIM] FAILURE SCREENSHOT: ground impact (physics_process)
[VERBATIM] Ground impact – fatal
[DIAG] _physics_process: ENTER, state=5
[DIAG] _physics_process: camera target set to character (state: 5)
[GLIDE],59.7333333333312,0.0,0.0,0.0,0.0,11.0,0.0,67.3593755262628,4.23076923076923,2.6,567.985229492188,329.870056152344,0.0
[VERBATIM] FAILURE SCREENSHOT: ground impact (physics_process)
[VERBATIM] Ground impact – fatal
[DIAG] _poll_controls: ENTER, state=5
[VERBATIM] POLL: _poll_controls() entered, game_state=5
[DIAG] _poll_controls: EXIT (LANDED/GAME_OVER)
[DIAG] _physics_process: ENTER, state=5
[DIAG] _physics_process: camera target set to character (state: 5)
[VERBATIM] FAILURE SCREENSHOT: ground impact (physics_process)
[VERBATIM] Ground impact – fatal
[DIAG] _physics_process: ENTER, state=5
[DIAG] _physics_process: camera target set to character (state: 5)
[VERBATIM] FAILURE SCREENSHOT: ground impact (physics_process)
[VERBATIM] Ground impact – fatal
[DIAG] _poll_controls: ENTER, state=5
[VERBATIM] POLL: _poll_controls() entered, game_state=5
[DIAG] _poll_controls: EXIT (LANDED/GAME_OVER)
[AUDIT] _on_stats_completed: ENTER
[AUDIT] _on_leader_completed: ENTER
[AUDIT] _mklabel: ENTER
[DIAG] _physics_process: ENTER, state=5
[DIAG] _physics_process: camera target set to character (state: 5)
[VERBATIM] FAILURE SCREENSHOT: ground impact (physics_process)
[VERBATIM] Ground impact – fatal
[DIAG] _physics_process: ENTER, state=5
[DIAG] _physics_process: camera target set to character (state: 5)
[VERBATIM] FAILURE SCREENSHOT: ground impact (physics_process)
[VERBATIM] Ground impact – fatal
[DIAG] _poll_controls: ENTER, state=5
[VERBATIM] POLL: _poll_controls() entered, game_state=5
[DIAG] _poll_controls: EXIT (LANDED/GAME_OVER)
[DIAG] _physics_process: ENTER, state=5
[DIAG] _physics_process: camera target set to character (state: 5)
[VERBATIM] FAILURE SCREENSHOT: ground impact (physics_process)
[VERBATIM] Ground impact – fatal
[DIAG] _physics_process: ENTER, state=5
[DIAG] _physics_process: camera target set to character (state: 5)
[VERBATIM] FAILURE SCREENSHOT: ground impact (physics_process)
[VERBATIM] Ground impact – fatal
[DIAG] _poll_controls: ENTER, state=5
[VERBATIM] POLL: _poll_controls() entered, game_state=5
[DIAG] _poll_controls: EXIT (LANDED/GAME_OVER)
[DIAG] _physics_process: ENTER, state=5
[DIAG] _physics_process: camera target set to character (state: 5)
[VERBATIM] FAILURE SCREENSHOT: ground impact (physics_process)
[VERBATIM] Ground impact – fatal
[DIAG] _physics_process: ENTER, state=5
[DIAG] _physics_process: camera target set to character (state: 5)
[VERBATIM] FAILURE SCREENSHOT: ground impact (physics_process)
[VERBATIM] Ground impact – fatal
[DIAG] _poll_controls: ENTER, state=5
[VERBATIM] POLL: _poll_controls() entered, game_state=5
[DIAG] _poll_controls: EXIT (LANDED/GAME_OVER)
[DIAG] _physics_process: ENTER, state=5
[DIAG] _physics_process: camera target set to character (state: 5)
[VERBATIM] FAILURE SCREENSHOT: ground impact (physics_process)
[VERBATIM] Ground impact – fatal
[DIAG] _physics_process: ENTER, state=5
[DIAG] _physics_process: camera target set to character (state: 5)
[VERBATIM] FAILURE SCREENSHOT: ground impact (physics_process)
[VERBATIM] Ground impact – fatal
[DIAG] _poll_controls: ENTER, state=5
[VERBATIM] POLL: _poll_controls() entered, game_state=5
[DIAG] _poll_controls: EXIT (LANDED/GAME_OVER)
[DIAG] _physics_process: ENTER, state=5
[DIAG] _physics_process: camera target set to character (state: 5)
[VERBATIM] FAILURE SCREENSHOT: ground impact (physics_process)
[VERBATIM] Ground impact – fatal
[DIAG] _physics_process: ENTER, state=5
[DIAG] _physics_process: camera target set to character (state: 5)
[VERBATIM] FAILURE SCREENSHOT: ground impact (physics_process)
[VERBATIM] Ground impact – fatal
[DIAG] _poll_controls: ENTER, state=5
[VERBATIM] POLL: _poll_controls() entered, game_state=5
[DIAG] _poll_controls: EXIT (LANDED/GAME_OVER)
[DIAG] _physics_process: ENTER, state=5
[DIAG] _physics_process: camera target set to character (state: 5)
[VERBATIM] FAILURE SCREENSHOT: ground impact (physics_process)
[VERBATIM] Ground impact – fatal
[DIAG] _physics_process: ENTER, state=5
[DIAG] _physics_process: camera target set to character (state: 5)
[VERBATIM] FAILURE SCREENSHOT: ground impact (physics_process)
[VERBATIM] Ground impact – fatal
[DIAG] _poll_controls: ENTER, state=5
[VERBATIM] POLL: _poll_controls() entered, game_state=5
[DIAG] _poll_controls: EXIT (LANDED/GAME_OVER)
[DIAG] _physics_process: ENTER, state=5
[DIAG] _physics_process: camera target set to character (state: 5)
[VERBATIM] FAILURE SCREENSHOT: ground impact (physics_process)
[VERBATIM] Ground impact – fatal
[DIAG] _physics_process: ENTER, state=5
[DIAG] _physics_process: camera target set to character (state: 5)
[VERBATIM] FAILURE SCREENSHOT: ground impact (physics_process)
[VERBATIM] Ground impact – fatal
[DIAG] _poll_controls: ENTER, state=5
[VERBATIM] POLL: _poll_controls() entered, game_state=5
[DIAG] _poll_controls: EXIT (LANDED/GAME_OVER)
[VERBATIM] Wind updated: 12.5 kts @ 240.0°
[DIAG] _physics_process: ENTER, state=5
[DIAG] _physics_process: camera target set to character (state: 5)
[VERBATIM] FAILURE SCREENSHOT: ground impact (physics_process)
[VERBATIM] Ground impact – fatal
[DIAG] _physics_process: ENTER, state=5
[DIAG] _physics_process: camera target set to character (state: 5)
[VERBATIM] FAILURE SCREENSHOT: ground impact (physics_process)
[VERBATIM] Ground impact – fatal
[DIAG] _poll_controls: ENTER, state=5
[VERBATIM] POLL: _poll_controls() entered, game_state=5
[DIAG] _poll_controls: EXIT (LANDED/GAME_OVER)
[DIAG] _physics_process: ENTER, state=5
[DIAG] _physics_process: camera target set to character (state: 5)
[VERBATIM] FAILURE SCREENSHOT: ground impact (physics_process)
[VERBATIM] Ground impact – fatal
[DIAG] _physics_process: ENTER, state=5
[DIAG] _physics_process: camera target set to character (state: 5)
[VERBATIM] FAILURE SCREENSHOT: ground impact (physics_process)
[VERBATIM] Ground impact – fatal
[DIAG] _poll_controls: ENTER, state=5
[VERBATIM] POLL: _poll_controls() entered, game_state=5
[DIAG] _poll_controls: EXIT (LANDED/GAME_OVER)
[DIAG] _physics_process: ENTER, state=5
[DIAG] _physics_process: camera target set to character (state: 5)
[VERBATIM] FAILURE SCREENSHOT: ground impact (physics_process)
[VERBATIM] Ground impact – fatal
[DIAG] _physics_process: ENTER, state=5
[DIAG] _physics_process: camera target set to character (state: 5)
[VERBATIM] FAILURE SCREENSHOT: ground impact (physics_process)
[VERBATIM] Ground impact – fatal
[DIAG] _poll_controls: ENTER, state=5
[VERBATIM] POLL: _poll_controls() entered, game_state=5
[DIAG] _poll_controls: EXIT (LANDED/GAME_OVER)
[DIAG] _physics_process: ENTER, state=5
[DIAG] _physics_process: camera target set to character (state: 5)
[VERBATIM] FAILURE SCREENSHOT: ground impact (physics_process)
[VERBATIM] Ground impact – fatal
[DIAG] _physics_process: ENTER, state=5
[DIAG] _physics_process: camera target set to character (state: 5)
[VERBATIM] FAILURE SCREENSHOT: ground impact (physics_process)
[VERBATIM] Ground impact – fatal
[DIAG] _poll_controls: ENTER, state=5
[VERBATIM] POLL: _poll_controls() entered, game_state=5
[DIAG] _poll_controls: EXIT (LANDED/GAME_OVER)
[DIAG] _physics_process: ENTER, state=5
[DIAG] _physics_process: camera target set to character (state: 5)
[VERBATIM] FAILURE SCREENSHOT: ground impact (physics_process)
[VERBATIM] Ground impact – fatal
[DIAG] _physics_process: ENTER, state=5
[DIAG] _physics_process: camera target set to character (state: 5)
[VERBATIM] FAILURE SCREENSHOT: ground impact (physics_process)
[VERBATIM] Ground impact – fatal
[DIAG] _poll_controls: ENTER, state=5
[VERBATIM] POLL: _poll_controls() entered, game_state=5
[DIAG] _poll_controls: EXIT (LANDED/GAME_OVER)
[DIAG] _physics_process: ENTER, state=5
[DIAG] _physics_process: camera target set to character (state: 5)
[VERBATIM] FAILURE SCREENSHOT: ground impact (physics_process)
[VERBATIM] Ground impact – fatal
[DIAG] _physics_process: ENTER, state=5
[DIAG] _physics_process: camera target set to character (state: 5)
[VERBATIM] FAILURE SCREENSHOT: ground impact (physics_process)
[VERBATIM] Ground impact – fatal
[DIAG] _poll_controls: ENTER, state=5
[VERBATIM] POLL: _poll_controls() entered, game_state=5
[DIAG] _poll_controls: EXIT (LANDED/GAME_OVER)
[DIAG] _physics_process: ENTER, state=5
[DIAG] _physics_process: camera target set to character (state: 5)
[VERBATIM] FAILURE SCREENSHOT: ground impact (physics_process)
[VERBATIM] Ground impact – fatal
[DIAG] _physics_process: ENTER, state=5
[DIAG] _physics_process: camera target set to character (state: 5)
[VERBATIM] FAILURE SCREENSHOT: ground impact (physics_process)
[VERBATIM] Ground impact – fatal
[DIAG] _poll_controls: ENTER, state=5
[VERBATIM] POLL: _poll_controls() entered, game_state=5
[DIAG] _poll_controls: EXIT (LANDED/GAME_OVER)
[DIAG] _physics_process: ENTER, state=5
[DIAG] _physics_process: camera target set to character (state: 5)
[GLIDE],60.2499999999979,0.0,0.0,0.0,0.0,11.0,0.0,67.3593755262628,4.23076923076923,2.6,573.230102539062,332.058258056641,0.0
[VERBATIM] FAILURE SCREENSHOT: ground impact (physics_process)
[VERBATIM] Ground impact – fatal
[DIAG] _physics_process: ENTER, state=5
[DIAG] _physics_process: camera target set to character (state: 5)
[VERBATIM] FAILURE SCREENSHOT: ground impact (physics_process)
[VERBATIM] Ground impact – fatal
[DIAG] _poll_controls: ENTER, state=5
[VERBATIM] POLL: _poll_controls() entered, game_state=5
[DIAG] _poll_controls: EXIT (LANDED/GAME_OVER)
[DIAG] _physics_process: ENTER, state=5
[DIAG] _physics_process: camera target set to character (state: 5)
[VERBATIM] FAILURE SCREENSHOT: ground impact (physics_process)
[VERBATIM] Ground impact – fatal
[DIAG] _physics_process: ENTER, state=5
[DIAG] _physics_process: camera target set to character (state: 5)
[VERBATIM] FAILURE SCREENSHOT: ground impact (physics_process)
[VERBATIM] Ground impact – fatal
[DIAG] _poll_controls: ENTER, state=5
[VERBATIM] POLL: _poll_controls() entered, game_state=5
[DIAG] _poll_controls: EXIT (LANDED/GAME_OVER)
[DIAG] _physics_process: ENTER, state=5
[DIAG] _physics_process: camera target set to character (state: 5)
[VERBATIM] FAILURE SCREENSHOT: ground impact (physics_process)
[VERBATIM] Ground impact – fatal
[DIAG] _physics_process: ENTER, state=5
[DIAG] _physics_process: camera target set to character (state: 5)
[VERBATIM] FAILURE SCREENSHOT: ground impact (physics_process)
[VERBATIM] Ground impact – fatal
[DIAG] _poll_controls: ENTER, state=5
[VERBATIM] POLL: _poll_controls() entered, game_state=5
[DIAG] _poll_controls: EXIT (LANDED/GAME_OVER)
[DIAG] _physics_process: ENTER, state=5
[DIAG] _physics_process: camera target set to character (state: 5)
[VERBATIM] FAILURE SCREENSHOT: ground impact (physics_process)
[VERBATIM] Ground impact – fatal
[DIAG] _physics_process: ENTER, state=5
[DIAG] _physics_process: camera target set to character (state: 5)
[VERBATIM] FAILURE SCREENSHOT: ground impact (physics_process)
[VERBATIM] Ground impact – fatal
[DIAG] _poll_controls: ENTER, state=5
[VERBATIM] POLL: _poll_controls() entered, game_state=5
[DIAG] _poll_controls: EXIT (LANDED/GAME_OVER)
[DIAG] _physics_process: ENTER, state=5
[DIAG] _physics_process: camera target set to character (state: 5)
[VERBATIM] FAILURE SCREENSHOT: ground impact (physics_process)
[VERBATIM] Ground impact – fatal
[DIAG] _poll_controls: ENTER, state=5
[VERBATIM] POLL: _poll_controls() entered, game_state=5
[DIAG] _poll_controls: EXIT (LANDED/GAME_OVER)
[AUDIT] _exit_tree: ENTER
[AUDIT] _save_position: ENTER
[VERBATIM] DatabaseGuard: _exit_tree called
[VERBATIM] DB CLOSED
XR: Clearing primary interface
XR: Removed interface "Native mobile"
XR: Removed interface "OpenXR"
PulseAudio: context terminated

Godot exited with code 0 at 2026-08-05T19:44:15Z
=== PUSHING LOG ON EXIT ===
Staged files: 1
