[2026-08-06 09:33:11] [HUB] Checking hub health...
[2026-08-06 09:33:11] [HUB] Hub is already healthy.
[2026-08-06 09:33:11] [2026-08-06T13:33:11.099336+00:00] [success] hub_preflight: Hub healthy before launch
[2026-08-06 09:33:11] [DISPLAY] Using existing display: :0.0
[2026-08-06 09:33:11] [ENV] Using DISPLAY=:0.0
[2026-08-06 09:33:11] [PATCH] Failed: Could not locate 'Game ready' message line. (continuing anyway)
[2026-08-06 09:33:11] [SETUP] godot binary: /usr/bin/godot
[2026-08-06 09:33:11] [SETUP] project dir:  /home/owner/Documents/69f7bcc6-1f68-83ea-b9b2-95a4db8629ac/parachute-cfd-game/godot_project
[2026-08-06 09:33:11] [RUN] /usr/bin/godot --path godot_project --verbose
[2026-08-06 09:33:11] [RUN] stall threshold: 30.0s   timeout: 0s
[2026-08-06 09:33:11] [ENV] GODOT_HEADLESS=1 (for auto‑start detection only)
[2026-08-06 09:33:11] ========================================================================
[2026-08-06 09:33:11] [DB] Using table: files_to_fix
[2026-08-06 09:33:11] WorkerThreadPool: 4 threads, 1 max low-priority.
[2026-08-06 09:33:11] Godot Engine v4.6.3.stable.fedora.7d41c59c4 - https://godotengine.org
[2026-08-06 09:33:11] TextServer: Added interface "Dummy"
[2026-08-06 09:33:11] TextServer: Added interface "ICU / HarfBuzz / Graphite (Built-in)"
[2026-08-06 09:33:11] Unrecognized output string "misc2" in mapping:
[2026-08-06 09:33:11] 030000008a2e0000dd10000011010000,Hand Held Legend GC Ultimate,a:b0,b:b2,back:b17,dpdown:b5,dpleft:b6,dpright:b7,dpup:b4,guide:b18,leftshoulder:b10,leftstick:b8,lefttrigger:a3,leftx:a0,lefty:a1,misc1:b19,misc2:b24,paddle1:b13,paddle2:b12,rightshoulder:b11,rightstick:b9,righttrigger:a4,rightx:a2,righty:a5,start:b16,x:b1,y:b3,platform:Linux,
[2026-08-06 09:33:11] Unrecognized output string "misc2" in mapping:
[2026-08-06 09:33:11] 030000000d0f0000ab01000011010000,Horipad Steam,a:b0,b:b1,back:b10,dpdown:h0.4,dpleft:h0.8,dpright:h0.2,dpup:h0.1,guide:b12,leftshoulder:b6,leftstick:b13,lefttrigger:a5,leftx:a0,lefty:a1,misc2:b2,paddle1:b19,paddle2:b18,paddle3:b15,paddle4:b5,rightshoulder:b7,rightstick:b14,righttrigger:a4,rightx:a2,righty:a3,start:b11,x:b3,y:b4,platform:Linux,
[2026-08-06 09:33:11] Unrecognized output string "misc2" in mapping:
[2026-08-06 09:33:11] 050000000d0f00009601000091000000,Horipad Steam,a:b0,b:b1,back:b10,dpdown:h0.4,dpleft:h0.8,dpright:h0.2,dpup:h0.1,guide:b12,leftshoulder:b6,leftstick:b13,lefttrigger:a5,leftx:a0,lefty:a1,misc2:b2,paddle1:b19,paddle2:b18,paddle3:b15,paddle4:b5,rightshoulder:b7,rightstick:b14,righttrigger:a4,rightx:a2,righty:a3,start:b11,x:b3,y:b4,platform:Linux,
[2026-08-06 09:33:11] Unrecognized output string "misc2" in mapping:
[2026-08-06 09:33:11] 030000007e0500006920000011010000,Nintendo Switch 2 Pro Controller,a:b0,b:b1,back:b14,dpdown:b8,dpleft:b10,dpright:b9,dpup:b11,guide:b16,leftshoulder:b12,leftstick:b15,lefttrigger:b13,leftx:a0,lefty:a1~,misc1:b17,misc2:b20,paddle1:b18,paddle2:b19,rightshoulder:b4,rightstick:b7,righttrigger:b5,rightx:a2,righty:a3~,start:b6,x:b2,y:b3,platform:Linux,
[2026-08-06 09:33:11] SDL: Init OK!
[2026-08-06 09:33:11] Xshape 1.1 detected.
[2026-08-06 09:33:11] Xinerama 1.1 detected.
[2026-08-06 09:33:11] Xrandr 1.6 detected.
[2026-08-06 09:33:11] Xrender 0.11 detected.
[2026-08-06 09:33:11] Xinput 2.2 detected.
[2026-08-06 09:33:11] XInput: Refreshing devices.
[2026-08-06 09:33:11] XInput: No touch devices found.
[2026-08-06 09:33:11] Detecting GPUs, set DRI_PRIME in the environment to override GPU detection logic.
[2026-08-06 09:33:11] Only one GPU found, using default.
[2026-08-06 09:33:11] Failed loading custom cursor: crossed_circle
[2026-08-06 09:33:11] DBus 1.16.2 detected.
[2026-08-06 09:33:11] Using "default" pen tablet driver...
[2026-08-06 09:33:11] Shader 'CanvasSdfShaderGLES3' SHA256: 4178a370fca21ad6216db6f7823dc24d65f8d4ad71442bbaa5d6f9a230a081ea
[2026-08-06 09:33:11] Shader 'SkeletonShaderGLES3' SHA256: 8bc0ec35c83978cd6d65ef8fc16df8e916ba1e2a9d5a98423fd53815bae40b65
[2026-08-06 09:33:11] Shader 'ParticlesShaderGLES3' SHA256: 6afaaf25f8938f1e43e69699472011afc51b674c0df4cd381d188953d85ec5a3
[2026-08-06 09:33:11] Shader 'ParticlesCopyShaderGLES3' SHA256: 39392086598b90ead64d3323c81c8ade94c690b12d308ef31d5b9690c172fb22
[2026-08-06 09:33:11] Shader 'CopyShaderGLES3' SHA256: 997ec09347cd52d2f6dc09d2a1ab366d3ba8485a46f43f593451013172c4c0ad
[2026-08-06 09:33:11] Shader 'CubemapFilterShaderGLES3' SHA256: 32dcf4d8e16f18e32b807a2d1406cca20c37a1e6fcccf8420addb836c4d08aa5
[2026-08-06 09:33:11] Shader 'GlowShaderGLES3' SHA256: a6700f3ac665fc4867995c9fcc2052c36df9c7d4909f0d5b8d1092726671dbd0
[2026-08-06 09:33:11] Shader 'PostShaderGLES3' SHA256: 6eedbef0b87035bc14ebaf4f413c9e32fa64d5e88a36f1d51dbd0c2be5e54df3
[2026-08-06 09:33:11] Shader 'FeedShaderGLES3' SHA256: bddb9e1271cb1ff96bb0f53b92f2724c49e525ede46d8de0d776819eca048a2d
[2026-08-06 09:33:11] Shader 'CanvasShaderGLES3' SHA256: f4ec43ced4296bc56a0508da1fd428b360690cb08bcc44b1135a42a01b3844af
[2026-08-06 09:33:11] Shader 'CanvasOcclusionShaderGLES3' SHA256: 578a45ce760a0ed6361559f46e9aedf93aa4cc3580d835d6dbc5ae8e4265557c
[2026-08-06 09:33:11] Shader 'SceneShaderGLES3' SHA256: 23ab6aea89cc6db38dee15711362af8e7ad9c08bbe99cb758445c4ca6f910f83
[2026-08-06 09:33:11] Shader 'SkyShaderGLES3' SHA256: 5d5d48528e786bc9445620d0ef25bddc8d0c7ce6aa74df01c30eb96e7c51f67e
[2026-08-06 09:33:11] OpenGL API 4.2 (Core Profile) Mesa 25.3.6 - Compatibility - Using Device: Intel - Mesa Intel(R) HD Graphics 4000 (IVB GT2)
[2026-08-06 09:33:11] PulseAudio 17.0.0 detected.
[2026-08-06 09:33:11] PulseAudio: context other
[2026-08-06 09:33:11] PulseAudio: context other
[2026-08-06 09:33:11] PulseAudio: context other
[2026-08-06 09:33:11] PulseAudio: context ready
[2026-08-06 09:33:11] PulseAudio: Detecting channels for device: alsa_output.pci-0000_00_1b.0.analog-stereo
[2026-08-06 09:33:11] PulseAudio: detected 2 output channels
[2026-08-06 09:33:11] PulseAudio: audio buffer frames: 512 calculated output latency: 11ms
[2026-08-06 09:33:11] 
[2026-08-06 09:33:11] TextServer: Primary interface set to: "ICU / HarfBuzz / Graphite (Built-in)".
[2026-08-06 09:33:12] CORE API HASH: 2475187701
[2026-08-06 09:33:12] EDITOR API HASH: 3867286884
[2026-08-06 09:33:12] SceneTreeFTI: traversal method DEFAULT
[2026-08-06 09:33:12] Loading resource: res://TelemetryLogger.gd
[2026-08-06 09:33:12] ERROR: Attempt to open script 'res://TelemetryLogger.gd' resulted in error 'File not found'.
[2026-08-06 09:33:12] 
[2026-08-06 09:33:12] [DIAG] Godot error:
[2026-08-06 09:33:12]   ERROR: Attempt to open script 'res://TelemetryLogger.gd' resulted in error 'File not found'.
[2026-08-06 09:33:12]    at: load_source_code (modules/gdscript/gdscript.cpp:1127)
[2026-08-06 09:33:12] 
[2026-08-06 09:33:12] [DIAG] Engine error in modules/gdscript/gdscript.cpp at line 1127:
[2026-08-06 09:33:12]       [ENGINE SOURCE] modules/gdscript/gdscript.cpp lines 1124-1130 (line 1127):
[2026-08-06 09:33:12]          1124: 		} else {
[2026-08-06 09:33:12]          1125: 			err_name = error_names[err];
[2026-08-06 09:33:12]          1126: 		}
[2026-08-06 09:33:12]       >> 1127: 		ERR_FAIL_COND_V_MSG(err, err, "Attempt to open script '" + p_path + "' resulted in error '" + err_name + "'.");
[2026-08-06 09:33:12]          1128: 	}
[2026-08-06 09:33:12]          1129: 
[2026-08-06 09:33:12]          1130: 	uint64_t len = f->get_length();
[2026-08-06 09:33:12] Failed loading resource: res://TelemetryLogger.gd
[2026-08-06 09:33:12] ERROR: Failed loading resource: res://TelemetryLogger.gd.
[2026-08-06 09:33:12] 
[2026-08-06 09:33:12] [DIAG] Godot error:
[2026-08-06 09:33:12]   ERROR: Failed loading resource: res://TelemetryLogger.gd.
[2026-08-06 09:33:12]    at: _load (core/io/resource_loader.cpp:343)
[2026-08-06 09:33:12] 
[2026-08-06 09:33:12] [DIAG] Engine error in core/io/resource_loader.cpp at line 343:
[2026-08-06 09:33:12]       [ENGINE SOURCE] core/io/resource_loader.cpp lines 340-346 (line 343):
[2026-08-06 09:33:12]           340: 	}
[2026-08-06 09:33:12]           341: #endif
[2026-08-06 09:33:12]           342: 
[2026-08-06 09:33:12]       >>  343: 	ERR_FAIL_COND_V_MSG(found, Ref<Resource>(), vformat("Failed loading resource: %s.", p_path));
[2026-08-06 09:33:12]           344: 
[2026-08-06 09:33:12]           345: #ifdef TOOLS_ENABLED
[2026-08-06 09:33:12]           346: 	Ref<FileAccess> file_check = FileAccess::create(FileAccess::ACCESS_RESOURCES);
[2026-08-06 09:33:12] ERROR: Failed to instantiate an autoload, can't load from path: res://TelemetryLogger.gd.
[2026-08-06 09:33:12] 
[2026-08-06 09:33:12] [DIAG] Godot error:
[2026-08-06 09:33:12]   ERROR: Failed to instantiate an autoload, can't load from path: res://TelemetryLogger.gd.
[2026-08-06 09:33:12]    at: start (main/main.cpp:4434)
[2026-08-06 09:33:12] 
[2026-08-06 09:33:12] [DIAG] Engine error in main/main.cpp at line 4434:
[2026-08-06 09:33:12]       [ENGINE SOURCE] main/main.cpp lines 4431-4437 (line 4434):
[2026-08-06 09:33:12]          4431: 						}
[2026-08-06 09:33:12]          4432: 					} else {
[2026-08-06 09:33:12]          4433: 						Ref<Resource> res = ResourceLoader::load(info.path);
[2026-08-06 09:33:12]       >> 4434: 						ERR_CONTINUE_MSG(res.is_null(), vformat("Failed to instantiate an autoload, can't load from path: %s.", info.path));
[2026-08-06 09:33:12]          4435: 
[2026-08-06 09:33:12]          4436: 						Ref<Script> script_res = res;
[2026-08-06 09:33:12]          4437: 						if (script_res.is_valid()) {
[2026-08-06 09:33:12] Loading resource: res://scripts/SqliteDb.gd
[2026-08-06 09:33:12] Loading resource: res://autoloads/HealthChecker.gd
[2026-08-06 09:33:12] Loading resource: res://scripts/HubManager.gd
[2026-08-06 09:33:12] Loading resource: res://scripts/DatabaseGuard.gd
[2026-08-06 09:33:12] Loading resource: res://scripts/ResourceThrottle.gd
[2026-08-06 09:33:12] Loading resource: res://scripts/PerformanceMonitor.gd
[2026-08-06 09:33:12] Loading resource: res://addons/godot_aerodynamic_physics/core/singletons/aero_units.gd
[2026-08-06 09:33:12] Loading resource: res://scripts/SqliteWatchdog.gd
[2026-08-06 09:33:12] Loading resource: res://scripts/StructuredLogger.gd
[2026-08-06 09:33:12] Loading resource: res://scripts/InputManager.gd
[2026-08-06 09:33:12] Loading resource: res://scripts/GameIntegrity.gd
[2026-08-06 09:33:12] Loading resource: res://scripts/altimeter_hud.gd
[2026-08-06 09:33:12] Loading resource: res://scripts/forensic_hud.gd
[2026-08-06 09:33:12] Loading resource: res://scripts/audit.gd
[2026-08-06 09:33:12] Loading resource: res://scripts/wind_field.gd
[2026-08-06 09:33:12] Loading resource: res://autoloads/CursorManager.gd
[2026-08-06 09:33:12] Loading resource: res://autoloads/Gamification.gd
[2026-08-06 09:33:12] Loading resource: res://autoloads/forensic_panel.gd
[2026-08-06 09:33:12] Loaded system CA certificates
[2026-08-06 09:33:12] Loading resource: res://scenes/main.tscn
[2026-08-06 09:33:12] Loading resource: res://scripts/build_terrain.gd
[2026-08-06 09:33:12] SCRIPT ERROR: Parse Error: Unexpected identifier "notification_label" in class body.
[2026-08-06 09:33:12]           at: GDScript::reload (res://scripts/build_terrain.gd:250)
[2026-08-06 09:33:12] 
[2026-08-06 09:33:12] [DIAG] Error in godot_project/scripts/build_terrain.gd at line 250:
[2026-08-06 09:33:12] [DEBUG] print_source_block called with filepath=godot_project/scripts/build_terrain.gd, lnum=250
[2026-08-06 09:33:12]       [STALL SOURCE] godot_project/scripts/build_terrain.gd lines 247-253 (offending line 250):
[2026-08-06 09:33:12]           247: # _ready() – initialises terrain, character, camera, HUD, canopy, and environment
[2026-08-06 09:33:12]           248: # Ref: https://docs.godotengine.org/en/stable/classes/class_node.html#class-node-private-method-ready
[2026-08-06 09:33:12]           249: # ------------------------------------------------------------------
[2026-08-06 09:33:12]       >>  250: notification_label: Label
[2026-08-06 09:33:12]           251: 
[2026-08-06 09:33:12]           252: # ------------------------------------------------------------------
[2026-08-06 09:33:12]           253: # Controller support
[2026-08-06 09:33:12] ERROR: Failed to load script "res://scripts/build_terrain.gd" with error "Parse error".
[2026-08-06 09:33:12] 
[2026-08-06 09:33:12] [DIAG] Godot error:
[2026-08-06 09:33:12]   ERROR: Failed to load script "res://scripts/build_terrain.gd" with error "Parse error".
[2026-08-06 09:33:12]    at: load (modules/gdscript/gdscript.cpp:2907)
[2026-08-06 09:33:12] 
[2026-08-06 09:33:12] [DIAG] Engine error in modules/gdscript/gdscript.cpp at line 2907:
[2026-08-06 09:33:12]       [ENGINE SOURCE] modules/gdscript/gdscript.cpp lines 2904-2910 (line 2907):
[2026-08-06 09:33:12]          2904: 
[2026-08-06 09:33:12]          2905: 	if (err && scr.is_valid()) {
[2026-08-06 09:33:12]          2906: 		// If !scr.is_valid(), the error was likely from scr->load_source_code(), which already generates an error.
[2026-08-06 09:33:12]       >> 2907: 		ERR_PRINT_ED(vformat(R"(Failed to load script "%s" with error "%s".)", p_original_path, error_names[err]));
[2026-08-06 09:33:12]          2908: 	}
[2026-08-06 09:33:12]          2909: 
[2026-08-06 09:33:12]          2910: 	if (r_error) {
[2026-08-06 09:33:12] Loading resource: res://assets/terrain/black_env.tres
[2026-08-06 09:33:12] [VERBATIM] SqliteDb.gd _ready() called
[2026-08-06 09:33:12] [VERBATIM] SqliteDb.gd _ready() called
[2026-08-06 09:33:12] [VERBATIM] SqliteDb.gd _ready() called
[2026-08-06 09:33:12] [VERBATIM] SqliteDb: _ready started
[2026-08-06 09:33:12] [VERBATIM] DB OPEN OK /home/owner/Documents/69f7bcc6-1f68-83ea-b9b2-95a4db8629ac/parachute-cfd-game/parachute_mutations.db
[2026-08-06 09:33:12] [VERBATIM] DB OPEN OK /home/owner/Documents/69f7bcc6-1f68-83ea-b9b2-95a4db8629ac/parachute-cfd-game/parachute_mutations.db
[2026-08-06 09:33:12] [HealthChecker] Control hierarchy dumped to DB in 0ms
[2026-08-06 09:33:12] [VERBATIM] DatabaseGuard.gd _ready() called
[2026-08-06 09:33:12] [VERBATIM] DatabaseGuard: _ready ok=true
[2026-08-06 09:33:12] [VERBATIM] ResourceThrottle.gd _ready() called
[2026-08-06 09:33:12] [VERBATIM] ResourceThrottle: table ensured
[2026-08-06 09:33:12] [VERBATIM] ResourceThrottle: _ready ok=true
[2026-08-06 09:33:12] [VERBATIM] SqliteWatchdog.gd _ready() called
[2026-08-06 09:33:12] [VERBATIM] SqliteWatchdog.gd _ready() called
[2026-08-06 09:33:12] [VERBATIM] SqliteWatchdog.gd _ready() called
[2026-08-06 09:33:12] [VERBATIM] Watchdog: _ready started
[2026-08-06 09:33:12] [VERBATIM] Watchdog: started, polling user://screenshots/
[2026-08-06 09:33:12] [VERBATIM] Watchdog: scan disabled — single-launch screenshot mode
[2026-08-06 09:33:12] [VERBATIM] Watchdog: _ready completed
[2026-08-06 09:33:12] [StructuredLogger] WARN: could not open /home/owner/.local/share/godot/app_userdata/Parachute Landing Pattern v314/logs/godot_logs.jsonl — stdout only
[2026-08-06 09:33:12] [StructuredLogger] sentry_available=false
[2026-08-06 09:33:12] [VERBATIM] 2026-08-06T09:33:12 GameIntegrity autoload initialized
[2026-08-06 09:33:12] [VERBATIM] 2026-08-06T09:33:12 Log file: /home/owner/.local/share/godot/app_userdata/Parachute Landing Pattern v314/game_integrity.log
[2026-08-06 09:33:12] [ALTIMETER] ready: layer=1 visible=true panel.pos=(50.0, 200.0) panel.size=(200.0, 100.0) panel.visible=true
[2026-08-06 09:33:12] [AUDIT] _ready: ENTER
[2026-08-06 09:33:12] [HUD_DIAG] _ready called
[2026-08-06 09:33:12] [HUD_DIAG] is_processing_input()=true is_inside_tree()=true frame=0 process_mode=0
[2026-08-06 09:33:12] [AUDIT] _resolve_hub_url: ENTER
[2026-08-06 09:33:12] [AUDIT] _build_ui: ENTER
[2026-08-06 09:33:12] [AUDIT] _load_saved_position: ENTER
[2026-08-06 09:33:12] [AUDIT] _mklabel: ENTER
[2026-08-06 09:33:12] [AUDIT] _mklabel: ENTER
[2026-08-06 09:33:12] [AUDIT] _mklabel: ENTER
[2026-08-06 09:33:12] [AUDIT] _mklabel: ENTER
[2026-08-06 09:33:12] [AUDIT] _mklabel: ENTER
[2026-08-06 09:33:12] [AUDIT] _mklabel: ENTER
[2026-08-06 09:33:12] [AUDIT] _mklabel: ENTER
[2026-08-06 09:33:12] [AUDIT] _mklabel: ENTER
[2026-08-06 09:33:12] [AUDIT] _mklabel: ENTER
[2026-08-06 09:33:12] [AUDIT] _poll_fast: ENTER
[2026-08-06 09:33:12] [AUDIT] _poll_slow: ENTER
[2026-08-06 09:33:12] Wind field loaded:
[2026-08-06 09:33:12]   Grid: 31 x 31 x 21
[2026-08-06 09:33:12]   Spacing: 10.0 m
[2026-08-06 09:33:12]   Bounds: (0.0, 0.0, 0.0) to (300.0, 300.0, 200.0)
[2026-08-06 09:33:12]   Velocities: 20181 vectors
[2026-08-06 09:33:12] [FPANEL] ready. Toggle: F3 / F9 / ` / T (polled in _process, not _input)
[2026-08-06 09:33:12] [FPANEL_DIAG] is_inside_tree()=true process_mode=0 frame=0 layer=100 visible=false
[2026-08-06 09:33:12] [AUDIT] _input: ENTER
[2026-08-06 09:33:12] [AUDIT] _gui_input: ENTER
[2026-08-06 09:33:12] [INPUT] unhandled_input triggered
[2026-08-06 09:33:12] [HubManager] Hub already running (env) - skipping startup
[2026-08-06 09:33:12] [VERBATIM] 2026-08-06T09:33:12 Starting full integrity check and repair
[2026-08-06 09:33:12] [VERBATIM] 2026-08-06T09:33:12 Backup created: /home/owner/.local/share/godot/app_userdata/Parachute Landing Pattern v314/backups/fix_forensic_hud_2026-08-06_09-33-12.gd.backup
[2026-08-06 09:33:12] [VERBATIM] 2026-08-06T09:33:12 Backup created: /home/owner/.local/share/godot/app_userdata/Parachute Landing Pattern v314/backups/fix_forensic_tool_2026-08-06_09-33-12.gd.backup
[2026-08-06 09:33:12] [VERBATIM] 2026-08-06T09:33:12 Backup created: /home/owner/.local/share/godot/app_userdata/Parachute Landing Pattern v314/backups/build_terrain.backup.20260607_151124_2026-08-06_09-33-12.gd.backup
[2026-08-06 09:33:12] [VERBATIM] 2026-08-06T09:33:12 Backup created: /home/owner/.local/share/godot/app_userdata/Parachute Landing Pattern v314/backups/build_terrain.backup.20260607_151237_2026-08-06_09-33-12.gd.backup
[2026-08-06 09:33:12] [VERBATIM] 2026-08-06T09:33:12 Backup created: /home/owner/.local/share/godot/app_userdata/Parachute Landing Pattern v314/backups/fix_forensic_hud_2026-08-06_09-33-12.gd.backup
[2026-08-06 09:33:12] [VERBATIM] 2026-08-06T09:33:12 Backup created: /home/owner/.local/share/godot/app_userdata/Parachute Landing Pattern v314/backups/AirplaneController_2026-08-06_09-33-12.gd.backup
[2026-08-06 09:33:12] [VERBATIM] 2026-08-06T09:33:12 Backup created: /home/owner/.local/share/godot/app_userdata/Parachute Landing Pattern v314/backups/CanopyReplay_2026-08-06_09-33-12.gd.backup
[2026-08-06 09:33:12] [VERBATIM] 2026-08-06T09:33:12 Backup created: /home/owner/.local/share/godot/app_userdata/Parachute Landing Pattern v314/backups/ComponentRegistry_2026-08-06_09-33-12.gd.backup
[2026-08-06 09:33:12] [VERBATIM] 2026-08-06T09:33:12 Backup created: /home/owner/.local/share/godot/app_userdata/Parachute Landing Pattern v314/backups/DatabaseGuard_2026-08-06_09-33-12.gd.backup
[2026-08-06 09:33:12] [VERBATIM] 2026-08-06T09:33:12 Backup created: /home/owner/.local/share/godot/app_userdata/Parachute Landing Pattern v314/backups/FlightTrack_2026-08-06_09-33-12.gd.backup
[2026-08-06 09:33:12] [VERBATIM] 2026-08-06T09:33:12 Backup created: /home/owner/.local/share/godot/app_userdata/Parachute Landing Pattern v314/backups/GameIntegrity_2026-08-06_09-33-12.gd.backup
[2026-08-06 09:33:12] [VERBATIM] 2026-08-06T09:33:12 Backup created: /home/owner/.local/share/godot/app_userdata/Parachute Landing Pattern v314/backups/GameIntegrity_2606150714_2026-08-06_09-33-12.gd.backup
[2026-08-06 09:33:12] [VERBATIM] 2026-08-06T09:33:12 Backup created: /home/owner/.local/share/godot/app_userdata/Parachute Landing Pattern v314/backups/HUDManager_2026-08-06_09-33-12.gd.backup
[2026-08-06 09:33:12] [VERBATIM] 2026-08-06T09:33:12 Backup created: /home/owner/.local/share/godot/app_userdata/Parachute Landing Pattern v314/backups/HubManager_2026-08-06_09-33-12.gd.backup
[2026-08-06 09:33:12] [VERBATIM] 2026-08-06T09:33:12 Backup created: /home/owner/.local/share/godot/app_userdata/Parachute Landing Pattern v314/backups/InputManager_2026-08-06_09-33-12.gd.backup
[2026-08-06 09:33:12] [VERBATIM] 2026-08-06T09:33:12 Backup created: /home/owner/.local/share/godot/app_userdata/Parachute Landing Pattern v314/backups/ResourceThrottle_2026-08-06_09-33-12.gd.backup
[2026-08-06 09:33:12] [VERBATIM] 2026-08-06T09:33:12 Backup created: /home/owner/.local/share/godot/app_userdata/Parachute Landing Pattern v314/backups/SqliteWatchdog_2026-08-06_09-33-12.gd.backup
[2026-08-06 09:33:12] [VERBATIM] 2026-08-06T09:33:12 Backup created: /home/owner/.local/share/godot/app_userdata/Parachute Landing Pattern v314/backups/StructuredLogger_2026-08-06_09-33-12.gd.backup
[2026-08-06 09:33:12] [VERBATIM] 2026-08-06T09:33:12 Backup created: /home/owner/.local/share/godot/app_userdata/Parachute Landing Pattern v314/backups/ViewPoseController_2026-08-06_09-33-12.gd.backup
[2026-08-06 09:33:12] [VERBATIM] 2026-08-06T09:33:12 Backup created: /home/owner/.local/share/godot/app_userdata/Parachute Landing Pattern v314/backups/audit_2026-08-06_09-33-12.gd.backup
[2026-08-06 09:33:12] [VERBATIM] 2026-08-06T09:33:12 Backup created: /home/owner/.local/share/godot/app_userdata/Parachute Landing Pattern v314/backups/auto_heal_2026-08-06_09-33-12.gd.backup
[2026-08-06 09:33:12] [VERBATIM] 2026-08-06T09:33:12 Backup created: /home/owner/.local/share/godot/app_userdata/Parachute Landing Pattern v314/backups/build_terrain.backup_20260707-205552_2026-08-06_09-33-12.gd.backup
[2026-08-06 09:33:12] [VERBATIM] 2026-08-06T09:33:12 Backup created: /home/owner/.local/share/godot/app_userdata/Parachute Landing Pattern v314/backups/build_terrain.backup_20260707-210153_2026-08-06_09-33-12.gd.backup
[2026-08-06 09:33:12] [VERBATIM] 2026-08-06T09:33:12 Backup created: /home/owner/.local/share/godot/app_userdata/Parachute Landing Pattern v314/backups/build_terrain.backup_20260707-210819_2026-08-06_09-33-12.gd.backup
[2026-08-06 09:33:12] [VERBATIM] 2026-08-06T09:33:12 Backup created: /home/owner/.local/share/godot/app_userdata/Parachute Landing Pattern v314/backups/build_terrain.backup_20260707-215820_2026-08-06_09-33-12.gd.backup
[2026-08-06 09:33:12] [VERBATIM] 2026-08-06T09:33:12 Backup created: /home/owner/.local/share/godot/app_userdata/Parachute Landing Pattern v314/backups/build_terrain.backup_20260707-222344_2026-08-06_09-33-12.gd.backup
[2026-08-06 09:33:12] [VERBATIM] 2026-08-06T09:33:12 Backup created: /home/owner/.local/share/godot/app_userdata/Parachute Landing Pattern v314/backups/build_terrain.backup_20260707-222819_2026-08-06_09-33-12.gd.backup
[2026-08-06 09:33:12] [VERBATIM] 2026-08-06T09:33:12 Backup created: /home/owner/.local/share/godot/app_userdata/Parachute Landing Pattern v314/backups/debug_components_2026-08-06_09-33-12.gd.backup
[2026-08-06 09:33:12] [VERBATIM] 2026-08-06T09:33:12 Backup created: /home/owner/.local/share/godot/app_userdata/Parachute Landing Pattern v314/backups/draggable_control_2026-08-06_09-33-12.gd.backup
[2026-08-06 09:33:12] [VERBATIM] 2026-08-06T09:33:12 Backup created: /home/owner/.local/share/godot/app_userdata/Parachute Landing Pattern v314/backups/flight_controller_2026-08-06_09-33-12.gd.backup
[2026-08-06 09:33:12] [VERBATIM] 2026-08-06T09:33:12 Backup created: /home/owner/.local/share/godot/app_userdata/Parachute Landing Pattern v314/backups/forensic_hud_2026-08-06_09-33-12.gd.backup
[2026-08-06 09:33:12] [VERBATIM] 2026-08-06T09:33:12 Backup created: /home/owner/.local/share/godot/app_userdata/Parachute Landing Pattern v314/backups/forensic_hud_0001_2026-08-06_09-33-12.gd.backup
[2026-08-06 09:33:12] [VERBATIM] 2026-08-06T09:33:12 Backup created: /home/owner/.local/share/godot/app_userdata/Parachute Landing Pattern v314/backups/game_manager.backup_20260707-212959_2026-08-06_09-33-12.gd.backup
[2026-08-06 09:33:12] [VERBATIM] 2026-08-06T09:33:12 Backup created: /home/owner/.local/share/godot/app_userdata/Parachute Landing Pattern v314/backups/game_manager_2026-08-06_09-33-12.gd.backup
[2026-08-06 09:33:12] [VERBATIM] 2026-08-06T09:33:12 Backup created: /home/owner/.local/share/godot/app_userdata/Parachute Landing Pattern v314/backups/hud_data_bridge_2026-08-06_09-33-12.gd.backup
[2026-08-06 09:33:12] [VERBATIM] 2026-08-06T09:33:12 Backup created: /home/owner/.local/share/godot/app_userdata/Parachute Landing Pattern v314/backups/hud_draggable_2026-08-06_09-33-12.gd.backup
[2026-08-06 09:33:12] [VERBATIM] 2026-08-06T09:33:12 Backup created: /home/owner/.local/share/godot/app_userdata/Parachute Landing Pattern v314/backups/orbit_camera_2026-08-06_09-33-12.gd.backup
[2026-08-06 09:33:12] [VERBATIM] 2026-08-06T09:33:12 Backup created: /home/owner/.local/share/godot/app_userdata/Parachute Landing Pattern v314/backups/parachute_controller.backup_20260707-212959_2026-08-06_09-33-12.gd.backup
[2026-08-06 09:33:12] [VERBATIM] 2026-08-06T09:33:12 Backup created: /home/owner/.local/share/godot/app_userdata/Parachute Landing Pattern v314/backups/parachute_controller_2026-08-06_09-33-12.gd.backup
[2026-08-06 09:33:12] [VERBATIM] 2026-08-06T09:33:12 Backup created: /home/owner/.local/share/godot/app_userdata/Parachute Landing Pattern v314/backups/pip_draggable_2026-08-06_09-33-12.gd.backup
[2026-08-06 09:33:12] [VERBATIM] 2026-08-06T09:33:12 Backup created: /home/owner/.local/share/godot/app_userdata/Parachute Landing Pattern v314/backups/pip_draggable_v2_2026-08-06_09-33-12.gd.backup
[2026-08-06 09:33:12] [VERBATIM] 2026-08-06T09:33:12 Backup created: /home/owner/.local/share/godot/app_userdata/Parachute Landing Pattern v314/backups/plane_2026-08-06_09-33-12.gd.backup
[2026-08-06 09:33:12] [VERBATIM] 2026-08-06T09:33:12 Backup created: /home/owner/.local/share/godot/app_userdata/Parachute Landing Pattern v314/backups/rotor_visualizer_2026-08-06_09-33-12.gd.backup
[2026-08-06 09:33:12] [VERBATIM] 2026-08-06T09:33:12 Backup created: /home/owner/.local/share/godot/app_userdata/Parachute Landing Pattern v314/backups/screenshot_library_2026-08-06_09-33-12.gd.backup
[2026-08-06 09:33:12] [VERBATIM] 2026-08-06T09:33:12 Backup created: /home/owner/.local/share/godot/app_userdata/Parachute Landing Pattern v314/backups/splash_2026-08-06_09-33-12.gd.backup
[2026-08-06 09:33:12] [VERBATIM] 2026-08-06T09:33:12 Backup created: /home/owner/.local/share/godot/app_userdata/Parachute Landing Pattern v314/backups/stall_test_2026-08-06_09-33-12.gd.backup
[2026-08-06 09:33:12] [VERBATIM] 2026-08-06T09:33:12 Backup created: /home/owner/.local/share/godot/app_userdata/Parachute Landing Pattern v314/backups/test_orbit_2026-08-06_09-33-12.gd.backup
[2026-08-06 09:33:12] [VERBATIM] 2026-08-06T09:33:12 Backup created: /home/owner/.local/share/godot/app_userdata/Parachute Landing Pattern v314/backups/test_runner_2026-08-06_09-33-12.gd.backup
[2026-08-06 09:33:12] [VERBATIM] 2026-08-06T09:33:12 Backup created: /home/owner/.local/share/godot/app_userdata/Parachute Landing Pattern v314/backups/toggle_arm_animator_2026-08-06_09-33-12.gd.backup
[2026-08-06 09:33:12] [VERBATIM] 2026-08-06T09:33:12 Backup created: /home/owner/.local/share/godot/app_userdata/Parachute Landing Pattern v314/backups/validate_scene_2026-08-06_09-33-12.gd.backup
[2026-08-06 09:33:12] [VERBATIM] 2026-08-06T09:33:12 Backup created: /home/owner/.local/share/godot/app_userdata/Parachute Landing Pattern v314/backups/wind_field.backup_20260707-212959_2026-08-06_09-33-12.gd.backup
[2026-08-06 09:33:12] [VERBATIM] 2026-08-06T09:33:12 Backup created: /home/owner/.local/share/godot/app_userdata/Parachute Landing Pattern v314/backups/wind_field_2026-08-06_09-33-12.gd.backup
[2026-08-06 09:33:12] [VERBATIM] 2026-08-06T09:33:12 Backup created: /home/owner/.local/share/godot/app_userdata/Parachute Landing Pattern v314/backups/fix_forensic_hud_2026-08-06_09-33-12.gd.backup
[2026-08-06 09:33:12] [VERBATIM] 2026-08-06T09:33:12 Backup created: /home/owner/.local/share/godot/app_userdata/Parachute Landing Pattern v314/backups/fix_forensic_tool_2026-08-06_09-33-12.gd.backup
[2026-08-06 09:33:12] [VERBATIM] 2026-08-06T09:33:12 Backup created: /home/owner/.local/share/godot/app_userdata/Parachute Landing Pattern v314/backups/build_terrain.backup.20260607_151124_2026-08-06_09-33-12.gd.backup
[2026-08-06 09:33:12] [VERBATIM] 2026-08-06T09:33:12 Backup created: /home/owner/.local/share/godot/app_userdata/Parachute Landing Pattern v314/backups/build_terrain.backup.20260607_151237_2026-08-06_09-33-12.gd.backup
[2026-08-06 09:33:12] [VERBATIM] 2026-08-06T09:33:12 Backup created: /home/owner/.local/share/godot/app_userdata/Parachute Landing Pattern v314/backups/fix_forensic_hud_2026-08-06_09-33-12.gd.backup
[2026-08-06 09:33:12] [VERBATIM] 2026-08-06T09:33:12 Backup created: /home/owner/.local/share/godot/app_userdata/Parachute Landing Pattern v314/backups/build_terrain.backup_20260707-205552_2026-08-06_09-33-12.gd.backup
[2026-08-06 09:33:12] [VERBATIM] 2026-08-06T09:33:12 Backup created: /home/owner/.local/share/godot/app_userdata/Parachute Landing Pattern v314/backups/build_terrain.backup_20260707-210153_2026-08-06_09-33-12.gd.backup
[2026-08-06 09:33:12] [VERBATIM] 2026-08-06T09:33:12 Backup created: /home/owner/.local/share/godot/app_userdata/Parachute Landing Pattern v314/backups/build_terrain.backup_20260707-210819_2026-08-06_09-33-12.gd.backup
[2026-08-06 09:33:12] [VERBATIM] 2026-08-06T09:33:12 Backup created: /home/owner/.local/share/godot/app_userdata/Parachute Landing Pattern v314/backups/build_terrain.backup_20260707-215820_2026-08-06_09-33-12.gd.backup
[2026-08-06 09:33:12] [VERBATIM] 2026-08-06T09:33:12 Backup created: /home/owner/.local/share/godot/app_userdata/Parachute Landing Pattern v314/backups/build_terrain.backup_20260707-222344_2026-08-06_09-33-12.gd.backup
[2026-08-06 09:33:12] [VERBATIM] 2026-08-06T09:33:12 Backup created: /home/owner/.local/share/godot/app_userdata/Parachute Landing Pattern v314/backups/build_terrain.backup_20260707-222819_2026-08-06_09-33-12.gd.backup
[2026-08-06 09:33:12] [VERBATIM] 2026-08-06T09:33:12 Backup created: /home/owner/.local/share/godot/app_userdata/Parachute Landing Pattern v314/backups/game_manager.backup_20260707-212959_2026-08-06_09-33-12.gd.backup
[2026-08-06 09:33:12] [VERBATIM] 2026-08-06T09:33:12 Backup created: /home/owner/.local/share/godot/app_userdata/Parachute Landing Pattern v314/backups/parachute_controller.backup_20260707-212959_2026-08-06_09-33-12.gd.backup
[2026-08-06 09:33:12] [VERBATIM] 2026-08-06T09:33:12 Backup created: /home/owner/.local/share/godot/app_userdata/Parachute Landing Pattern v314/backups/wind_field.backup_20260707-212959_2026-08-06_09-33-12.gd.backup
[2026-08-06 09:33:12] [VERBATIM] 2026-08-06T09:33:12 Backup created: /home/owner/.local/share/godot/app_userdata/Parachute Landing Pattern v314/backups/PerformanceMonitor_2026-08-06_09-33-12.gd.backup
[2026-08-06 09:33:12] [VERBATIM] 2026-08-06T09:33:12 Backup created: /home/owner/.local/share/godot/app_userdata/Parachute Landing Pattern v314/backups/SqliteDb_2026-08-06_09-33-12.gd.backup
[2026-08-06 09:33:12] [VERBATIM] 2026-08-06T09:33:12 Backup created: /home/owner/.local/share/godot/app_userdata/Parachute Landing Pattern v314/backups/altimeter_hud_2026-08-06_09-33-12.gd.backup
[2026-08-06 09:33:12] [VERBATIM] 2026-08-06T09:33:12 Backup created: /home/owner/.local/share/godot/app_userdata/Parachute Landing Pattern v314/backups/build_terrain_2026-08-06_09-33-12.gd.backup
[2026-08-06 09:33:12] [VERBATIM] 2026-08-06T09:33:12 Backup created: /home/owner/.local/share/godot/app_userdata/Parachute Landing Pattern v314/backups/plugin_2026-08-06_09-33-12.gd.backup
[2026-08-06 09:33:12] [VERBATIM] 2026-08-06T09:33:12 Backup created: /home/owner/.local/share/godot/app_userdata/Parachute Landing Pattern v314/backups/validate_scene_2026-08-06_09-33-12.gd.backup
[2026-08-06 09:33:12] [VERBATIM] 2026-08-06T09:33:12 Backup created: /home/owner/.local/share/godot/app_userdata/Parachute Landing Pattern v314/backups/godot-sqlite_2026-08-06_09-33-12.gd.backup
[2026-08-06 09:33:12] [VERBATIM] 2026-08-06T09:33:12 Backup created: /home/owner/.local/share/godot/app_userdata/Parachute Landing Pattern v314/backups/aero_water_atmosphere_3d_2026-08-06_09-33-12.gd.backup
[2026-08-06 09:33:12] [VERBATIM] 2026-08-06T09:33:12 Backup created: /home/owner/.local/share/godot/app_userdata/Parachute Landing Pattern v314/backups/aero_atmosphere_3d_2026-08-06_09-33-12.gd.backup
[2026-08-06 09:33:12] [VERBATIM] 2026-08-06T09:33:12 Backup created: /home/owner/.local/share/godot/app_userdata/Parachute Landing Pattern v314/backups/aero_buoyancy_3d_2026-08-06_09-33-12.gd.backup
[2026-08-06 09:33:12] [VERBATIM] 2026-08-06T09:33:12 Backup created: /home/owner/.local/share/godot/app_userdata/Parachute Landing Pattern v314/backups/aero_buoyancy_mesh_3d_2026-08-06_09-33-12.gd.backup
[2026-08-06 09:33:12] [VERBATIM] 2026-08-06T09:33:12 Backup created: /home/owner/.local/share/godot/app_userdata/Parachute Landing Pattern v314/backups/aero_buoyancy_sphere_3d_2026-08-06_09-33-12.gd.backup
[2026-08-06 09:33:12] [VERBATIM] 2026-08-06T09:33:12 Backup created: /home/owner/.local/share/godot/app_userdata/Parachute Landing Pattern v314/backups/aero_rotor_hinge_3d_2026-08-06_09-33-12.gd.backup
[2026-08-06 09:33:12] [VERBATIM] 2026-08-06T09:33:12 Backup created: /home/owner/.local/share/godot/app_userdata/Parachute Landing Pattern v314/backups/aero_cyclic_propeller_3d_2026-08-06_09-33-12.gd.backup
[2026-08-06 09:33:12] [VERBATIM] 2026-08-06T09:33:12 Backup created: /home/owner/.local/share/godot/app_userdata/Parachute Landing Pattern v314/backups/aero_mover_3d_2026-08-06_09-33-12.gd.backup
[2026-08-06 09:33:12] [VERBATIM] 2026-08-06T09:33:12 Backup created: /home/owner/.local/share/godot/app_userdata/Parachute Landing Pattern v314/backups/aero_propeller_3d_2026-08-06_09-33-12.gd.backup
[2026-08-06 09:33:12] [VERBATIM] 2026-08-06T09:33:12 Backup created: /home/owner/.local/share/godot/app_userdata/Parachute Landing Pattern v314/backups/manual_aero_surface_3d_2026-08-06_09-33-12.gd.backup
[2026-08-06 09:33:12] [VERBATIM] 2026-08-06T09:33:12 Backup created: /home/owner/.local/share/godot/app_userdata/Parachute Landing Pattern v314/backups/manual_aero_surface_config_2026-08-06_09-33-12.gd.backup
[2026-08-06 09:33:12] [VERBATIM] 2026-08-06T09:33:12 Backup created: /home/owner/.local/share/godot/app_userdata/Parachute Landing Pattern v314/backups/aero_surface_3d_2026-08-06_09-33-12.gd.backup
[2026-08-06 09:33:12] [VERBATIM] 2026-08-06T09:33:12 Backup created: /home/owner/.local/share/godot/app_userdata/Parachute Landing Pattern v314/backups/aero_surface_config_2026-08-06_09-33-12.gd.backup
[2026-08-06 09:33:12] [VERBATIM] 2026-08-06T09:33:12 Backup created: /home/owner/.local/share/godot/app_userdata/Parachute Landing Pattern v314/backups/aero_jet_thruster_3d_2026-08-06_09-33-12.gd.backup
[2026-08-06 09:33:12] [VERBATIM] 2026-08-06T09:33:12 Backup created: /home/owner/.local/share/godot/app_userdata/Parachute Landing Pattern v314/backups/aero_thruster_3d_2026-08-06_09-33-12.gd.backup
[2026-08-06 09:33:12] [VERBATIM] 2026-08-06T09:33:12 Backup created: /home/owner/.local/share/godot/app_userdata/Parachute Landing Pattern v314/backups/aero_drag_influencer_2026-08-06_09-33-12.gd.backup
[2026-08-06 09:33:12] [VERBATIM] 2026-08-06T09:33:12 Backup created: /home/owner/.local/share/godot/app_userdata/Parachute Landing Pattern v314/backups/aero_influencer_3d_2026-08-06_09-33-12.gd.backup
[2026-08-06 09:33:12] [VERBATIM] 2026-08-06T09:33:12 Backup created: /home/owner/.local/share/godot/app_userdata/Parachute Landing Pattern v314/backups/aero_control_component_2026-08-06_09-33-12.gd.backup
[2026-08-06 09:33:12] [VERBATIM] 2026-08-06T09:33:12 Backup created: /home/owner/.local/share/godot/app_userdata/Parachute Landing Pattern v314/backups/aero_control_config_2026-08-06_09-33-12.gd.backup
[2026-08-06 09:33:12] [VERBATIM] 2026-08-06T09:33:12 Backup created: /home/owner/.local/share/godot/app_userdata/Parachute Landing Pattern v314/backups/aero_control_config_axis_2026-08-06_09-33-12.gd.backup
[2026-08-06 09:33:12] [VERBATIM] 2026-08-06T09:33:12 Backup created: /home/owner/.local/share/godot/app_userdata/Parachute Landing Pattern v314/backups/aero_influencer_control_axis_config_2026-08-06_09-33-12.gd.backup
[2026-08-06 09:33:12] [VERBATIM] 2026-08-06T09:33:12 Backup created: /home/owner/.local/share/godot/app_userdata/Parachute Landing Pattern v314/backups/aero_influencer_control_config_2026-08-06_09-33-12.gd.backup
[2026-08-06 09:33:12] [VERBATIM] 2026-08-06T09:33:12 Backup created: /home/owner/.local/share/godot/app_userdata/Parachute Landing Pattern v314/backups/aero_surface_gizmo_2026-08-06_09-33-12.gd.backup
[2026-08-06 09:33:12] [VERBATIM] 2026-08-06T09:33:12 Backup created: /home/owner/.local/share/godot/app_userdata/Parachute Landing Pattern v314/backups/aero_units_2026-08-06_09-33-12.gd.backup
[2026-08-06 09:33:12] [VERBATIM] 2026-08-06T09:33:12 Backup created: /home/owner/.local/share/godot/app_userdata/Parachute Landing Pattern v314/backups/flight_assist_2026-08-06_09-33-12.gd.backup
[2026-08-06 09:33:12] [VERBATIM] 2026-08-06T09:33:12 Backup created: /home/owner/.local/share/godot/app_userdata/Parachute Landing Pattern v314/backups/aero_body_3d_2026-08-06_09-33-12.gd.backup
[2026-08-06 09:33:12] [VERBATIM] 2026-08-06T09:33:12 Backup created: /home/owner/.local/share/godot/app_userdata/Parachute Landing Pattern v314/backups/ball_launcher_2026-08-06_09-33-12.gd.backup
[2026-08-06 09:33:12] [VERBATIM] 2026-08-06T09:33:12 Backup created: /home/owner/.local/share/godot/app_userdata/Parachute Landing Pattern v314/backups/mouse_control_2026-08-06_09-33-12.gd.backup
[2026-08-06 09:33:12] [VERBATIM] 2026-08-06T09:33:12 Backup created: /home/owner/.local/share/godot/app_userdata/Parachute Landing Pattern v314/backups/wind_indicator_2026-08-06_09-33-12.gd.backup
[2026-08-06 09:33:12] [VERBATIM] 2026-08-06T09:33:12 Backup created: /home/owner/.local/share/godot/app_userdata/Parachute Landing Pattern v314/backups/point_3d_2026-08-06_09-33-12.gd.backup
[2026-08-06 09:33:12] [VERBATIM] 2026-08-06T09:33:12 Backup created: /home/owner/.local/share/godot/app_userdata/Parachute Landing Pattern v314/backups/vector_3d_2026-08-06_09-33-12.gd.backup
[2026-08-06 09:33:12] [VERBATIM] 2026-08-06T09:33:12 Backup created: /home/owner/.local/share/godot/app_userdata/Parachute Landing Pattern v314/backups/pid_2026-08-06_09-33-12.gd.backup
[2026-08-06 09:33:12] [VERBATIM] 2026-08-06T09:33:12 Backup created: /home/owner/.local/share/godot/app_userdata/Parachute Landing Pattern v314/backups/plugin_utils_2026-08-06_09-33-12.gd.backup
[2026-08-06 09:33:12] [VERBATIM] 2026-08-06T09:33:12 Backup created: /home/owner/.local/share/godot/app_userdata/Parachute Landing Pattern v314/backups/transform_utils_2026-08-06_09-33-12.gd.backup
[2026-08-06 09:33:12] [VERBATIM] 2026-08-06T09:33:12 Backup created: /home/owner/.local/share/godot/app_userdata/Parachute Landing Pattern v314/backups/math_utils_2026-08-06_09-33-12.gd.backup
[2026-08-06 09:33:12] [VERBATIM] 2026-08-06T09:33:12 Backup created: /home/owner/.local/share/godot/app_userdata/Parachute Landing Pattern v314/backups/node_utils_2026-08-06_09-33-12.gd.backup
[2026-08-06 09:33:12] [VERBATIM] 2026-08-06T09:33:12 Backup created: /home/owner/.local/share/godot/app_userdata/Parachute Landing Pattern v314/backups/plugin_2026-08-06_09-33-12.gd.backup
[2026-08-06 09:33:12] [VERBATIM] 2026-08-06T09:33:12 Integrity check complete – PASS
[2026-08-06 09:33:12] [FPANEL] No pip_container group found, creating one
[2026-08-06 09:33:12] [FPANEL] Created new pip container
[2026-08-06 09:33:13] [AUDIT] _input: ENTER
[2026-08-06 09:33:13] [AUDIT] _gui_input: ENTER
[2026-08-06 09:33:13] [INPUT] unhandled_input triggered
[2026-08-06 09:33:13] [AUDIT] _on_stats_completed: ENTER
[2026-08-06 09:33:13] [AUDIT] _on_leader_completed: ENTER
[2026-08-06 09:33:13] [AUDIT] _mklabel: ENTER
[2026-08-06 09:33:13] [AUDIT] _mklabel: ENTER
[2026-08-06 09:33:13] [AUDIT] _mklabel: ENTER
[2026-08-06 09:33:13] [AUDIT] _mklabel: ENTER
[2026-08-06 09:33:13] [AUDIT] _mklabel: ENTER
[2026-08-06 09:33:13] [AUDIT] _mklabel: ENTER
[2026-08-06 09:33:13] [AUDIT] _on_cite_completed: ENTER
[2026-08-06 09:33:13] [AUDIT] _add_citation_card: ENTER
[2026-08-06 09:33:13] [AUDIT] _mkbutton: ENTER
[2026-08-06 09:33:13] [AUDIT] _mklabel: ENTER
[2026-08-06 09:33:13] [AUDIT] _mklabel: ENTER
[2026-08-06 09:33:13] [AUDIT] _mklabel: ENTER
[2026-08-06 09:33:13] [AUDIT] _add_citation_card: ENTER
[2026-08-06 09:33:13] [AUDIT] _mkbutton: ENTER
[2026-08-06 09:33:13] [AUDIT] _mklabel: ENTER
[2026-08-06 09:33:13] [AUDIT] _mklabel: ENTER
[2026-08-06 09:33:13] [AUDIT] _mklabel: ENTER
[2026-08-06 09:33:13] [AUDIT] _add_citation_card: ENTER
[2026-08-06 09:33:13] [AUDIT] _mkbutton: ENTER
[2026-08-06 09:33:13] [AUDIT] _mklabel: ENTER
[2026-08-06 09:33:13] [AUDIT] _mklabel: ENTER
[2026-08-06 09:33:13] [AUDIT] _mklabel: ENTER
[2026-08-06 09:33:13] [AUDIT] _add_citation_card: ENTER
[2026-08-06 09:33:13] [AUDIT] _mkbutton: ENTER
[2026-08-06 09:33:13] [AUDIT] _mklabel: ENTER
[2026-08-06 09:33:13] [AUDIT] _mklabel: ENTER
[2026-08-06 09:33:13] [AUDIT] _mklabel: ENTER
[2026-08-06 09:33:13] [AUDIT] _on_integ_completed: ENTER
[2026-08-06 09:33:13] [AUDIT] _on_ctrl_health_completed: ENTER
[2026-08-06 09:33:13] [FPANEL] No pip_container group found, creating one
[2026-08-06 09:33:13] [FPANEL] Created new pip container
[2026-08-06 09:33:13] [AUDIT] _input: ENTER
[2026-08-06 09:33:13] [AUDIT] _gui_input: ENTER
[2026-08-06 09:33:13] [INPUT] unhandled_input triggered
[2026-08-06 09:33:13] [AUDIT] _input: ENTER
[2026-08-06 09:33:13] [AUDIT] _gui_input: ENTER
[2026-08-06 09:33:13] [INPUT] unhandled_input triggered
[2026-08-06 09:33:14] [AUDIT] _input: ENTER
[2026-08-06 09:33:14] [AUDIT] _gui_input: ENTER
[2026-08-06 09:33:14] [INPUT] unhandled_input triggered
[2026-08-06 09:33:14] [AUDIT] _input: ENTER
[2026-08-06 09:33:14] [AUDIT] _gui_input: ENTER
[2026-08-06 09:33:14] [INPUT] unhandled_input triggered
[2026-08-06 09:33:14] [AUDIT] _input: ENTER
[2026-08-06 09:33:14] [AUDIT] _gui_input: ENTER
[2026-08-06 09:33:14] [INPUT] unhandled_input triggered
[2026-08-06 09:33:14] [AUDIT] _input: ENTER
[2026-08-06 09:33:14] [AUDIT] _gui_input: ENTER
[2026-08-06 09:33:14] [INPUT] unhandled_input triggered
[2026-08-06 09:33:14] [AUDIT] _input: ENTER
[2026-08-06 09:33:14] [AUDIT] _gui_input: ENTER
[2026-08-06 09:33:14] [INPUT] unhandled_input triggered
[2026-08-06 09:33:14] [AUDIT] _input: ENTER
[2026-08-06 09:33:14] [AUDIT] _gui_input: ENTER
[2026-08-06 09:33:14] [INPUT] unhandled_input triggered
[2026-08-06 09:33:14] [AUDIT] _input: ENTER
[2026-08-06 09:33:14] [AUDIT] _gui_input: ENTER
[2026-08-06 09:33:14] [INPUT] unhandled_input triggered
[2026-08-06 09:33:14] [AUDIT] _input: ENTER
[2026-08-06 09:33:14] [AUDIT] _gui_input: ENTER
[2026-08-06 09:33:14] [INPUT] unhandled_input triggered
[2026-08-06 09:33:14] [AUDIT] _input: ENTER
[2026-08-06 09:33:14] [AUDIT] _gui_input: ENTER
[2026-08-06 09:33:14] [INPUT] unhandled_input triggered
[2026-08-06 09:33:14] [AUDIT] _input: ENTER
[2026-08-06 09:33:14] [AUDIT] _gui_input: ENTER
[2026-08-06 09:33:14] [INPUT] unhandled_input triggered
[2026-08-06 09:33:14] [AUDIT] _input: ENTER
[2026-08-06 09:33:14] [AUDIT] _gui_input: ENTER
[2026-08-06 09:33:14] [INPUT] unhandled_input triggered
[2026-08-06 09:33:14] [AUDIT] _input: ENTER
[2026-08-06 09:33:14] [AUDIT] _gui_input: ENTER
[2026-08-06 09:33:14] [INPUT] unhandled_input triggered
[2026-08-06 09:33:14] [AUDIT] _input: ENTER
[2026-08-06 09:33:14] [AUDIT] _gui_input: ENTER
[2026-08-06 09:33:14] [INPUT] unhandled_input triggered
[2026-08-06 09:33:14] [AUDIT] _input: ENTER
[2026-08-06 09:33:14] [AUDIT] _gui_input: ENTER
[2026-08-06 09:33:14] [INPUT] unhandled_input triggered
[2026-08-06 09:33:14] [AUDIT] _input: ENTER
[2026-08-06 09:33:14] [AUDIT] _gui_input: ENTER
[2026-08-06 09:33:14] [INPUT] unhandled_input triggered
[2026-08-06 09:33:14] [AUDIT] _input: ENTER
[2026-08-06 09:33:14] [AUDIT] _gui_input: ENTER
[2026-08-06 09:33:14] [INPUT] unhandled_input triggered
[2026-08-06 09:33:14] [AUDIT] _input: ENTER
[2026-08-06 09:33:14] [AUDIT] _gui_input: ENTER
[2026-08-06 09:33:14] [INPUT] unhandled_input triggered
[2026-08-06 09:33:14] [AUDIT] _input: ENTER
[2026-08-06 09:33:14] [AUDIT] _gui_input: ENTER
[2026-08-06 09:33:14] [INPUT] unhandled_input triggered
[2026-08-06 09:33:14] [AUDIT] _input: ENTER
[2026-08-06 09:33:14] [AUDIT] _gui_input: ENTER
[2026-08-06 09:33:14] [INPUT] unhandled_input triggered
[2026-08-06 09:33:14] [AUDIT] _input: ENTER
[2026-08-06 09:33:14] [AUDIT] _gui_input: ENTER
[2026-08-06 09:33:14] [INPUT] unhandled_input triggered
[2026-08-06 09:33:14] [AUDIT] _input: ENTER
[2026-08-06 09:33:14] [AUDIT] _gui_input: ENTER
[2026-08-06 09:33:14] [INPUT] unhandled_input triggered
[2026-08-06 09:33:14] [AUDIT] _input: ENTER
[2026-08-06 09:33:14] [AUDIT] _gui_input: ENTER
[2026-08-06 09:33:14] [INPUT] unhandled_input triggered
[2026-08-06 09:33:14] [AUDIT] _input: ENTER
[2026-08-06 09:33:14] [AUDIT] _gui_input: ENTER
[2026-08-06 09:33:14] [INPUT] unhandled_input triggered
[2026-08-06 09:33:14] [AUDIT] _input: ENTER
[2026-08-06 09:33:14] [AUDIT] _gui_input: ENTER
[2026-08-06 09:33:14] [INPUT] unhandled_input triggered
[2026-08-06 09:33:14] [AUDIT] _input: ENTER
[2026-08-06 09:33:14] [AUDIT] _gui_input: ENTER
[2026-08-06 09:33:14] [INPUT] unhandled_input triggered
[2026-08-06 09:33:14] [AUDIT] _input: ENTER
[2026-08-06 09:33:14] [AUDIT] _gui_input: ENTER
[2026-08-06 09:33:14] [INPUT] unhandled_input triggered
[2026-08-06 09:33:14] [AUDIT] _input: ENTER
[2026-08-06 09:33:14] [AUDIT] _gui_input: ENTER
[2026-08-06 09:33:14] [INPUT] unhandled_input triggered
[2026-08-06 09:33:14] [AUDIT] _input: ENTER
[2026-08-06 09:33:14] [AUDIT] _gui_input: ENTER
[2026-08-06 09:33:14] [INPUT] unhandled_input triggered
[2026-08-06 09:33:14] [AUDIT] _input: ENTER
[2026-08-06 09:33:14] [AUDIT] _gui_input: ENTER
[2026-08-06 09:33:14] 2026-08-06T09:33:14 [INFO] InputManager ready
[2026-08-06 09:33:14] 2026-08-06T09:33:14 [INFO] InputMap.has_action('restart') = true
[2026-08-06 09:33:14] [INPUT] unhandled_input triggered
[2026-08-06 09:33:14] [AUDIT] _poll_fast: ENTER
[2026-08-06 09:33:14] [AUDIT] _input: ENTER
[2026-08-06 09:33:14] [AUDIT] _gui_input: ENTER
[2026-08-06 09:33:14] 2026-08-06T09:33:14 [INFO] InputManager ready
[2026-08-06 09:33:14] 2026-08-06T09:33:14 [INFO] InputMap.has_action('restart') = true
[2026-08-06 09:33:14] [INPUT] unhandled_input triggered
[2026-08-06 09:33:14] [AUDIT] _on_stats_completed: ENTER
[2026-08-06 09:33:14] [AUDIT] _on_leader_completed: ENTER
[2026-08-06 09:33:14] [AUDIT] _mklabel: ENTER
[2026-08-06 09:33:14] [AUDIT] _mklabel: ENTER
[2026-08-06 09:33:14] [AUDIT] _mklabel: ENTER
[2026-08-06 09:33:14] [AUDIT] _mklabel: ENTER
[2026-08-06 09:33:14] [AUDIT] _mklabel: ENTER
[2026-08-06 09:33:14] [AUDIT] _mklabel: ENTER
[2026-08-06 09:33:14] [AUDIT] _input: ENTER
[2026-08-06 09:33:14] [AUDIT] _gui_input: ENTER
[2026-08-06 09:33:14] [INPUT] unhandled_input triggered
[2026-08-06 09:33:14] [AUDIT] _input: ENTER
[2026-08-06 09:33:14] [AUDIT] _gui_input: ENTER
[2026-08-06 09:33:14] [INPUT] unhandled_input triggered
[2026-08-06 09:33:14] [AUDIT] _input: ENTER
[2026-08-06 09:33:14] [AUDIT] _gui_input: ENTER
[2026-08-06 09:33:14] [INPUT] unhandled_input triggered
[2026-08-06 09:33:14] [AUDIT] _input: ENTER
[2026-08-06 09:33:14] [AUDIT] _gui_input: ENTER
[2026-08-06 09:33:14] [INPUT] unhandled_input triggered
[2026-08-06 09:33:14] [AUDIT] _input: ENTER
[2026-08-06 09:33:14] [AUDIT] _gui_input: ENTER
[2026-08-06 09:33:14] [INPUT] unhandled_input triggered
[2026-08-06 09:33:14] [AUDIT] _input: ENTER
[2026-08-06 09:33:14] [AUDIT] _gui_input: ENTER
[2026-08-06 09:33:14] [INPUT] unhandled_input triggered
[2026-08-06 09:33:14] [AUDIT] _input: ENTER
[2026-08-06 09:33:14] [AUDIT] _gui_input: ENTER
[2026-08-06 09:33:14] [INPUT] unhandled_input triggered
[2026-08-06 09:33:14] [AUDIT] _input: ENTER
[2026-08-06 09:33:14] [AUDIT] _gui_input: ENTER
[2026-08-06 09:33:14] [INPUT] unhandled_input triggered
[2026-08-06 09:33:14] [AUDIT] _input: ENTER
[2026-08-06 09:33:14] [AUDIT] _gui_input: ENTER
[2026-08-06 09:33:14] [INPUT] unhandled_input triggered
[2026-08-06 09:33:15] [AUDIT] _input: ENTER
[2026-08-06 09:33:15] [AUDIT] _gui_input: ENTER
[2026-08-06 09:33:15] [INPUT] unhandled_input triggered
[2026-08-06 09:33:15] [AUDIT] _input: ENTER
[2026-08-06 09:33:15] [AUDIT] _gui_input: ENTER
[2026-08-06 09:33:15] [INPUT] unhandled_input triggered
[2026-08-06 09:33:15] [AUDIT] _input: ENTER
[2026-08-06 09:33:15] [AUDIT] _gui_input: ENTER
[2026-08-06 09:33:15] [INPUT] unhandled_input triggered
[2026-08-06 09:33:15] [AUDIT] _input: ENTER
[2026-08-06 09:33:15] [AUDIT] _gui_input: ENTER
[2026-08-06 09:33:15] 2026-08-06T09:33:15 [INFO] InputManager ready
[2026-08-06 09:33:15] 2026-08-06T09:33:15 [INFO] InputMap.has_action('restart') = true
[2026-08-06 09:33:15] [INPUT] unhandled_input triggered
[2026-08-06 09:33:15] [AUDIT] _input: ENTER
[2026-08-06 09:33:15] [AUDIT] _gui_input: ENTER
[2026-08-06 09:33:15] [INPUT] unhandled_input triggered
[2026-08-06 09:33:15] [AUDIT] _input: ENTER
[2026-08-06 09:33:15] [AUDIT] _gui_input: ENTER
[2026-08-06 09:33:15] [INPUT] unhandled_input triggered
[2026-08-06 09:33:15] [AUDIT] _input: ENTER
[2026-08-06 09:33:15] [AUDIT] _gui_input: ENTER
[2026-08-06 09:33:15] [INPUT] unhandled_input triggered
[2026-08-06 09:33:15] [AUDIT] _input: ENTER
[2026-08-06 09:33:15] [AUDIT] _gui_input: ENTER
[2026-08-06 09:33:15] [INPUT] unhandled_input triggered
[2026-08-06 09:33:15] [AUDIT] _input: ENTER
[2026-08-06 09:33:15] [AUDIT] _gui_input: ENTER
[2026-08-06 09:33:15] [INPUT] unhandled_input triggered
[2026-08-06 09:33:15] [AUDIT] _input: ENTER
[2026-08-06 09:33:15] [AUDIT] _gui_input: ENTER
[2026-08-06 09:33:15] [INPUT] unhandled_input triggered
[2026-08-06 09:33:15] [AUDIT] _input: ENTER
[2026-08-06 09:33:15] [AUDIT] _gui_input: ENTER
[2026-08-06 09:33:15] [INPUT] unhandled_input triggered
[2026-08-06 09:33:15] [AUDIT] _input: ENTER
[2026-08-06 09:33:15] [AUDIT] _gui_input: ENTER
[2026-08-06 09:33:15] [INPUT] unhandled_input triggered
[2026-08-06 09:33:15] [AUDIT] _input: ENTER
[2026-08-06 09:33:15] [AUDIT] _gui_input: ENTER
[2026-08-06 09:33:15] [INPUT] unhandled_input triggered
[2026-08-06 09:33:15] [AUDIT] _input: ENTER
[2026-08-06 09:33:15] [AUDIT] _gui_input: ENTER
[2026-08-06 09:33:15] [INPUT] unhandled_input triggered
[2026-08-06 09:33:15] [AUDIT] _input: ENTER
[2026-08-06 09:33:15] [AUDIT] _gui_input: ENTER
[2026-08-06 09:33:15] [INPUT] unhandled_input triggered
[2026-08-06 09:33:15] [AUDIT] _input: ENTER
[2026-08-06 09:33:15] [AUDIT] _gui_input: ENTER
[2026-08-06 09:33:15] [INPUT] unhandled_input triggered
[2026-08-06 09:33:15] [AUDIT] _input: ENTER
[2026-08-06 09:33:15] [AUDIT] _gui_input: ENTER
[2026-08-06 09:33:15] [INPUT] unhandled_input triggered
[2026-08-06 09:33:15] [AUDIT] _input: ENTER
[2026-08-06 09:33:15] [AUDIT] _gui_input: ENTER
[2026-08-06 09:33:15] [INPUT] unhandled_input triggered
[2026-08-06 09:33:15] [AUDIT] _input: ENTER
[2026-08-06 09:33:15] [AUDIT] _gui_input: ENTER
[2026-08-06 09:33:15] [INPUT] unhandled_input triggered
[2026-08-06 09:33:15] [AUDIT] _input: ENTER
[2026-08-06 09:33:15] [AUDIT] _gui_input: ENTER
[2026-08-06 09:33:15] [INPUT] unhandled_input triggered
[2026-08-06 09:33:15] [AUDIT] _input: ENTER
[2026-08-06 09:33:15] [AUDIT] _gui_input: ENTER
[2026-08-06 09:33:15] [INPUT] unhandled_input triggered
[2026-08-06 09:33:15] [AUDIT] _input: ENTER
[2026-08-06 09:33:15] [AUDIT] _gui_input: ENTER
[2026-08-06 09:33:15] [INPUT] unhandled_input triggered
[2026-08-06 09:33:15] [AUDIT] _input: ENTER
[2026-08-06 09:33:15] [AUDIT] _gui_input: ENTER
[2026-08-06 09:33:15] [INPUT] unhandled_input triggered
[2026-08-06 09:33:15] [AUDIT] _input: ENTER
[2026-08-06 09:33:15] [AUDIT] _gui_input: ENTER
[2026-08-06 09:33:15] [INPUT] unhandled_input triggered
[2026-08-06 09:33:15] [AUDIT] _input: ENTER
[2026-08-06 09:33:15] [AUDIT] _gui_input: ENTER
[2026-08-06 09:33:15] [INPUT] unhandled_input triggered
[2026-08-06 09:33:15] [AUDIT] _input: ENTER
[2026-08-06 09:33:15] [AUDIT] _gui_input: ENTER
[2026-08-06 09:33:15] 2026-08-06T09:33:15 [INFO] InputManager ready
[2026-08-06 09:33:15] 2026-08-06T09:33:15 [INFO] InputMap.has_action('restart') = true
[2026-08-06 09:33:15] [INPUT] unhandled_input triggered
[2026-08-06 09:33:15] [AUDIT] _input: ENTER
[2026-08-06 09:33:15] [AUDIT] _gui_input: ENTER
[2026-08-06 09:33:15] [INPUT] unhandled_input triggered
[2026-08-06 09:33:15] [AUDIT] _input: ENTER
[2026-08-06 09:33:15] [AUDIT] _gui_input: ENTER
[2026-08-06 09:33:15] [INPUT] unhandled_input triggered
[2026-08-06 09:33:15] [AUDIT] _input: ENTER
[2026-08-06 09:33:15] [AUDIT] _gui_input: ENTER
[2026-08-06 09:33:15] [INPUT] unhandled_input triggered
[2026-08-06 09:33:15] [AUDIT] _input: ENTER
[2026-08-06 09:33:15] [AUDIT] _gui_input: ENTER
[2026-08-06 09:33:15] [INPUT] unhandled_input triggered
[2026-08-06 09:33:15] [AUDIT] _input: ENTER
[2026-08-06 09:33:15] [AUDIT] _gui_input: ENTER
[2026-08-06 09:33:15] [INPUT] unhandled_input triggered
[2026-08-06 09:33:15] [AUDIT] _input: ENTER
[2026-08-06 09:33:15] [AUDIT] _gui_input: ENTER
[2026-08-06 09:33:15] [INPUT] unhandled_input triggered
[2026-08-06 09:33:15] [AUDIT] _input: ENTER
[2026-08-06 09:33:15] [AUDIT] _gui_input: ENTER
[2026-08-06 09:33:15] [AUDIT] _input: ENTER
[2026-08-06 09:33:15] [AUDIT] _gui_input: ENTER
[2026-08-06 09:33:15] [AUDIT] _input: ENTER
[2026-08-06 09:33:15] [AUDIT] _gui_input: ENTER
[2026-08-06 09:33:15] [AUDIT] _input: ENTER
[2026-08-06 09:33:15] [AUDIT] _gui_input: ENTER
[2026-08-06 09:33:15] [AUDIT] _input: ENTER
[2026-08-06 09:33:15] [AUDIT] _gui_input: ENTER
[2026-08-06 09:33:15] [INPUT] unhandled_input triggered
[2026-08-06 09:33:15] [AUDIT] _input: ENTER
[2026-08-06 09:33:15] [AUDIT] _gui_input: ENTER
[2026-08-06 09:33:15] [INPUT] unhandled_input triggered
[2026-08-06 09:33:16] [AUDIT] _input: ENTER
[2026-08-06 09:33:16] [AUDIT] _gui_input: ENTER
[2026-08-06 09:33:16] [INPUT] unhandled_input triggered
[2026-08-06 09:33:16] [AUDIT] _input: ENTER
[2026-08-06 09:33:16] [AUDIT] _gui_input: ENTER
[2026-08-06 09:33:16] [INPUT] unhandled_input triggered
[2026-08-06 09:33:16] [AUDIT] _input: ENTER
[2026-08-06 09:33:16] [AUDIT] _gui_input: ENTER
[2026-08-06 09:33:16] [INPUT] unhandled_input triggered
[2026-08-06 09:33:16] [AUDIT] _input: ENTER
[2026-08-06 09:33:16] [AUDIT] _gui_input: ENTER
[2026-08-06 09:33:16] [INPUT] unhandled_input triggered
[2026-08-06 09:33:16] [AUDIT] _input: ENTER
[2026-08-06 09:33:16] [AUDIT] _gui_input: ENTER
[2026-08-06 09:33:16] [INPUT] unhandled_input triggered
[2026-08-06 09:33:16] [AUDIT] _input: ENTER
[2026-08-06 09:33:16] [AUDIT] _gui_input: ENTER
[2026-08-06 09:33:16] [INPUT] unhandled_input triggered
[2026-08-06 09:33:16] [AUDIT] _input: ENTER
[2026-08-06 09:33:16] [AUDIT] _gui_input: ENTER
[2026-08-06 09:33:16] [INPUT] unhandled_input triggered
[2026-08-06 09:33:16] [AUDIT] _input: ENTER
[2026-08-06 09:33:16] [AUDIT] _gui_input: ENTER
[2026-08-06 09:33:16] [INPUT] unhandled_input triggered
[2026-08-06 09:33:16] [AUDIT] _poll_fast: ENTER
[2026-08-06 09:33:16] [AUDIT] _on_stats_completed: ENTER
[2026-08-06 09:33:16] [AUDIT] _on_leader_completed: ENTER
[2026-08-06 09:33:16] [AUDIT] _mklabel: ENTER
[2026-08-06 09:33:16] [AUDIT] _mklabel: ENTER
[2026-08-06 09:33:16] [AUDIT] _mklabel: ENTER
[2026-08-06 09:33:16] [AUDIT] _mklabel: ENTER
[2026-08-06 09:33:16] [AUDIT] _mklabel: ENTER
[2026-08-06 09:33:16] [AUDIT] _mklabel: ENTER
[2026-08-06 09:33:16] [AUDIT] _input: ENTER
[2026-08-06 09:33:16] [AUDIT] _gui_input: ENTER
[2026-08-06 09:33:16] [INPUT] unhandled_input triggered
[2026-08-06 09:33:16] [AUDIT] _input: ENTER
[2026-08-06 09:33:16] [AUDIT] _gui_input: ENTER
[2026-08-06 09:33:16] [INPUT] unhandled_input triggered
[2026-08-06 09:33:16] [AUDIT] _input: ENTER
[2026-08-06 09:33:16] [AUDIT] _gui_input: ENTER
[2026-08-06 09:33:16] [INPUT] unhandled_input triggered
[2026-08-06 09:33:16] [AUDIT] _input: ENTER
[2026-08-06 09:33:16] [AUDIT] _gui_input: ENTER
[2026-08-06 09:33:16] [INPUT] unhandled_input triggered
[2026-08-06 09:33:16] [AUDIT] _input: ENTER
[2026-08-06 09:33:16] [AUDIT] _gui_input: ENTER
[2026-08-06 09:33:16] [AUDIT] _input: ENTER
[2026-08-06 09:33:16] [AUDIT] _gui_input: ENTER
[2026-08-06 09:33:16] [AUDIT] _input: ENTER
[2026-08-06 09:33:16] [AUDIT] _gui_input: ENTER
[2026-08-06 09:33:16] [AUDIT] _input: ENTER
[2026-08-06 09:33:16] [AUDIT] _gui_input: ENTER
[2026-08-06 09:33:16] [AUDIT] _input: ENTER
[2026-08-06 09:33:16] [AUDIT] _gui_input: ENTER
[2026-08-06 09:33:16] [INPUT] unhandled_input triggered
[2026-08-06 09:33:17] [AUDIT] _input: ENTER
[2026-08-06 09:33:17] [AUDIT] _gui_input: ENTER
[2026-08-06 09:33:17] [INPUT] unhandled_input triggered
[2026-08-06 09:33:17] [AUDIT] _input: ENTER
[2026-08-06 09:33:17] [AUDIT] _gui_input: ENTER
[2026-08-06 09:33:17] [INPUT] unhandled_input triggered
[2026-08-06 09:33:17] [AUDIT] _input: ENTER
[2026-08-06 09:33:17] [AUDIT] _gui_input: ENTER
[2026-08-06 09:33:17] [INPUT] unhandled_input triggered
[2026-08-06 09:33:17] [AUDIT] _input: ENTER
[2026-08-06 09:33:17] [AUDIT] _gui_input: ENTER
[2026-08-06 09:33:17] [INPUT] unhandled_input triggered
[2026-08-06 09:33:17] [AUDIT] _input: ENTER
[2026-08-06 09:33:17] [AUDIT] _gui_input: ENTER
[2026-08-06 09:33:17] [INPUT] unhandled_input triggered
[2026-08-06 09:33:17] [AUDIT] _input: ENTER
[2026-08-06 09:33:17] [AUDIT] _gui_input: ENTER
[2026-08-06 09:33:17] [INPUT] unhandled_input triggered
[2026-08-06 09:33:17] [AUDIT] _input: ENTER
[2026-08-06 09:33:17] [AUDIT] _gui_input: ENTER
[2026-08-06 09:33:17] [INPUT] unhandled_input triggered
[2026-08-06 09:33:17] [AUDIT] _input: ENTER
[2026-08-06 09:33:17] [AUDIT] _gui_input: ENTER
[2026-08-06 09:33:17] [INPUT] unhandled_input triggered
[2026-08-06 09:33:17] [AUDIT] _input: ENTER
[2026-08-06 09:33:17] [AUDIT] _gui_input: ENTER
[2026-08-06 09:33:17] [INPUT] unhandled_input triggered
[2026-08-06 09:33:17] [AUDIT] _input: ENTER
[2026-08-06 09:33:17] [AUDIT] _gui_input: ENTER
[2026-08-06 09:33:17] [INPUT] unhandled_input triggered
[2026-08-06 09:33:17] [AUDIT] _input: ENTER
[2026-08-06 09:33:17] [AUDIT] _gui_input: ENTER
[2026-08-06 09:33:17] [INPUT] unhandled_input triggered
[2026-08-06 09:33:17] [AUDIT] _input: ENTER
[2026-08-06 09:33:17] [AUDIT] _gui_input: ENTER
[2026-08-06 09:33:17] [INPUT] unhandled_input triggered
[2026-08-06 09:33:17] [AUDIT] _input: ENTER
[2026-08-06 09:33:17] [AUDIT] _gui_input: ENTER
[2026-08-06 09:33:17] [INPUT] unhandled_input triggered
[2026-08-06 09:33:17] [AUDIT] _input: ENTER
[2026-08-06 09:33:17] [AUDIT] _gui_input: ENTER
[2026-08-06 09:33:17] [INPUT] unhandled_input triggered
[2026-08-06 09:33:17] [AUDIT] _input: ENTER
[2026-08-06 09:33:17] [AUDIT] _gui_input: ENTER
[2026-08-06 09:33:17] [INPUT] unhandled_input triggered
[2026-08-06 09:33:17] [AUDIT] _input: ENTER
[2026-08-06 09:33:17] [AUDIT] _gui_input: ENTER
[2026-08-06 09:33:17] [INPUT] unhandled_input triggered
[2026-08-06 09:33:17] [AUDIT] _input: ENTER
[2026-08-06 09:33:17] [AUDIT] _gui_input: ENTER
[2026-08-06 09:33:17] [INPUT] unhandled_input triggered
[2026-08-06 09:33:17] [AUDIT] _exit_tree: ENTER
[2026-08-06 09:33:17] [AUDIT] _save_position: ENTER
[2026-08-06 09:33:18] [VERBATIM] DatabaseGuard: _exit_tree called
[2026-08-06 09:33:18] [VERBATIM] DB CLOSED
[2026-08-06 09:33:18] XR: Clearing primary interface
[2026-08-06 09:33:18] XR: Removed interface "Native mobile"
[2026-08-06 09:33:18] XR: Removed interface "OpenXR"
[2026-08-06 09:33:18] PulseAudio: context terminated
[2026-08-06 09:33:18] [INFO] EOF from Godot; process likely finished.
