=== Restoring build_terrain.gd from working version ===
Found working version at: /home/owner/Documents/69f7bcc6-1f68-83ea-b9b2-95a4db8629ac/parachute-cfd-game_0070/godot_project/scripts/build_terrain.gd
Backed up current file to: godot_project/scripts/build_terrain.gd.bak.20260805213608
Copied working version to: godot_project/scripts/build_terrain.gd
Fixed exit aircraft (J)
Fixed deploy (SPACE only in freefall)
Direct key checks already present
Key fixes applied successfully.
Verifying syntax...
=== Godot syntax check started at 2026-08-05T21:36:08Z ===
Godot Engine v4.6.3.stable.fedora.7d41c59c4 - https://godotengine.org
OpenGL API 4.2 (Core Profile) Mesa 25.3.6 - Compatibility - Using Device: Intel - Mesa Intel(R) HD Graphics 4000 (IVB GT2)

SCRIPT ERROR: Parse Error: Used space character for indentation instead of tab as used before in the file.
          at: GDScript::reload (res://scripts/build_terrain.gd:1617)
ERROR: Failed to load script "res://scripts/build_terrain.gd" with error "Parse error".
   at: load (modules/gdscript/gdscript.cpp:2907)
[VERBATIM] SqliteDb.gd _ready() called
[VERBATIM] SqliteDb.gd _ready() called
[VERBATIM] SqliteDb.gd _ready() called
[VERBATIM] SqliteDb: _ready started
[VERBATIM] DB OPEN OK /home/owner/Documents/69f7bcc6-1f68-83ea-b9b2-95a4db8629ac/parachute-cfd-game/parachute_mutations.db
[VERBATIM] DB OPEN OK /home/owner/Documents/69f7bcc6-1f68-83ea-b9b2-95a4db8629ac/parachute-cfd-game/parachute_mutations.db
[HealthChecker] Control hierarchy dumped to DB in 0ms
[VERBATIM] DatabaseGuard.gd _ready() called
[VERBATIM] DatabaseGuard: _ready ok=true
[VERBATIM] ResourceThrottle.gd _ready() called
[VERBATIM] ResourceThrottle: table ensured
[VERBATIM] ResourceThrottle: _ready ok=true
[VERBATIM] SqliteWatchdog.gd _ready() called
[VERBATIM] SqliteWatchdog.gd _ready() called
[VERBATIM] SqliteWatchdog.gd _ready() called
[VERBATIM] Watchdog: _ready started
[VERBATIM] Watchdog: started, polling user://screenshots/
[VERBATIM] Watchdog: scan disabled — single-launch screenshot mode
[VERBATIM] Watchdog: _ready completed
[StructuredLogger] WARN: could not open /home/owner/.local/share/godot/app_userdata/Parachute Landing Pattern v314/logs/godot_logs.jsonl — stdout only
[StructuredLogger] sentry_available=false
[VERBATIM] 2026-08-05T17:36:09 GameIntegrity autoload initialized
[VERBATIM] 2026-08-05T17:36:09 Log file: /home/owner/.local/share/godot/app_userdata/Parachute Landing Pattern v314/game_integrity.log
[VERBATIM] PerformanceMonitor: PID tuning triggered
[ALTIMETER] ready: layer=1 visible=true panel.pos=(50.0, 200.0) panel.size=(200.0, 100.0) panel.visible=true
[AUDIT] _ready: ENTER
[HUD_DIAG] _ready called
[HUD_DIAG] is_processing_input()=true is_inside_tree()=true frame=0 process_mode=0
[AUDIT] _resolve_hub_url: ENTER
[AUDIT] _build_ui: ENTER
[AUDIT] _load_saved_position: ENTER
[AUDIT] _mklabel: ENTER
[AUDIT] _mklabel: ENTER
[AUDIT] _mklabel: ENTER
[AUDIT] _mklabel: ENTER
[AUDIT] _mklabel: ENTER
[AUDIT] _mklabel: ENTER
[AUDIT] _mklabel: ENTER
[AUDIT] _mklabel: ENTER
[AUDIT] _mklabel: ENTER
[AUDIT] _poll_fast: ENTER
[AUDIT] _poll_slow: ENTER
Wind field loaded:
  Grid: 31 x 31 x 21
  Spacing: 10.0 m
  Bounds: (0.0, 0.0, 0.0) to (300.0, 300.0, 200.0)
  Velocities: 20181 vectors
[FPANEL] ready. Toggle: F3 / F9 / ` / T (polled in _process, not _input)
[FPANEL_DIAG] is_inside_tree()=true process_mode=0 frame=0 layer=100 visible=false
[AUDIT] _input: ENTER
[AUDIT] _gui_input: ENTER
[INPUT] unhandled_input triggered
[AUDIT] _input: ENTER
2026-08-05T17:36:09 [INFO] InputManager ready
2026-08-05T17:36:09 [INFO] InputMap.has_action('restart') = true
[INPUT] unhandled_input triggered
2026-08-05T17:36:09 [INFO] InputManager: key=Alt code=4194328
[AUDIT] _input: ENTER
[AUDIT] _gui_input: ENTER
[INPUT] unhandled_input triggered
[HubManager] Hub spawn requested pid=929215 non-blocking
[VERBATIM] 2026-08-05T17:36:09 Starting full integrity check and repair
[VERBATIM] 2026-08-05T17:36:10 Pre‑repair: fixed mixed indentation in res://scripts/build_terrain.gd
./restore_from_working.sh: line 124: 929147 Killed                     godot --path godot_project --check-only 2>&1
=== Godot syntax check finished with exit code 137 at 2026-08-05T21:36:11Z ===
